66.249.75.210 - - [26/Feb/2013:16:28:38 -0600] "GET /user_guide/overview/getting_started.html HTTP/1.1" 200 2015 "-" "Mozilla/5.0 (compatible; Googlebot/2.1; +http://www.google.com/bot.html)"
220.181.108.173 - - [26/Feb/2013:16:46:16 -0600] "GET / HTTP/1.1" 404 1395 "-" "Mozilla/5.0 (compatible; Baiduspider/2.0; +http://www.baidu.com/search/spider.html)"
66.249.75.210 - - [26/Feb/2013:16:57:24 -0600] "GET /user_guide/helpers/directory_helper.html HTTP/1.1" 200 2383 "-" "Mozilla/5.0 (compatible; Googlebot/2.1; +http://www.google.com/bot.html)"
66.249.75.210 - - [26/Feb/2013:17:21:19 -0600] "GET /user_guide/helpers/inflector_helper.html HTTP/1.1" 200 2060 "-" "Mozilla/5.0 (compatible; Googlebot/2.1; +http://www.google.com/bot.html)"
66.249.75.210 - - [26/Feb/2013:17:51:05 -0600] "GET /user_guide/general/common_functions.html HTTP/1.1" 200 2678 "-" "Mozilla/5.0 (compatible; Googlebot/2.1; +http://www.google.com/bot.html)"
66.249.75.210 - - [26/Feb/2013:18:19:18 -0600] "GET /robots.txt HTTP/1.1" 404 499 "-" "Mozilla/5.0 (compatible; Googlebot/2.1; +http://www.google.com/bot.html)"
66.249.75.210 - - [26/Feb/2013:18:19:18 -0600] "GET /user_guide/general/creating_drivers.html HTTP/1.1" 200 1835 "-" "Mozilla/5.0 (compatible; Googlebot/2.1; +http://www.google.com/bot.html)"
220.181.108.155 - - [26/Feb/2013:18:43:59 -0600] "GET / HTTP/1.1" 404 1395 "-" "Mozilla/5.0 (compatible; Baiduspider/2.0; +http://www.baidu.com/search/spider.html)"
66.249.75.210 - - [26/Feb/2013:18:48:35 -0600] "GET /user_guide/libraries/file_uploading.html HTTP/1.1" 200 5225 "-" "Mozilla/5.0 (compatible; Googlebot/2.1; +http://www.google.com/bot.html)"
66.249.75.210 - - [26/Feb/2013:19:17:42 -0600] "GET /user_guide/helpers/typography_helper.html HTTP/1.1" 200 2064 "-" "Mozilla/5.0 (compatible; Googlebot/2.1; +http://www.google.com/bot.html)"
123.125.71.100 - - [26/Feb/2013:19:41:18 -0600] "GET / HTTP/1.1" 404 1395 "-" "Mozilla/5.0 (compatible; Baiduspider/2.0; +http://www.baidu.com/search/spider.html)"
220.181.108.165 - - [26/Feb/2013:19:42:14 -0600] "GET / HTTP/1.1" 404 1395 "-" "Mozilla/5.0 (compatible; Baiduspider/2.0; +http://www.baidu.com/search/spider.html)"
66.249.75.210 - - [26/Feb/2013:20:11:03 -0600] "GET /user_guide/libraries/form_validation.html HTTP/1.1" 200 11536 "-" "Mozilla/5.0 (compatible; Googlebot/2.1; +http://www.google.com/bot.html)"
66.249.75.210 - - [26/Feb/2013:20:39:53 -0600] "GET /user_guide/tutorial/create_news_items.html HTTP/1.1" 200 3718 "-" "Mozilla/5.0 (compatible; Googlebot/2.1; +http://www.google.com/bot.html)"
123.125.71.104 - - [26/Feb/2013:20:42:44 -0600] "GET / HTTP/1.1" 404 1395 "-" "Mozilla/5.0 (compatible; Baiduspider/2.0; +http://www.baidu.com/search/spider.html)"
220.181.108.149 - - [26/Feb/2013:20:43:44 -0600] "GET / HTTP/1.1" 404 1395 "-" "Mozilla/5.0 (compatible; Baiduspider/2.0; +http://www.baidu.com/search/spider.html)"
66.249.75.210 - - [26/Feb/2013:20:52:41 -0600] "GET /user_guide/general/creating_libraries.html HTTP/1.1" 200 4150 "-" "Mozilla/5.0 (compatible; Googlebot/2.1; +http://www.google.com/bot.html)"
207.181.235.233 - - [26/Feb/2013:21:05:26 -0600] "GET /home HTTP/1.1" 404 495 "-" "Mozilla/5.0 (Windows NT 6.1; WOW64) AppleWebKit/537.22 (KHTML, like Gecko) Chrome/25.0.1364.97 Safari/537.22"
207.181.235.233 - - [26/Feb/2013:21:05:31 -0600] "GET /index.php/home HTTP/1.1" 200 544 "-" "Mozilla/5.0 (Windows NT 6.1; WOW64) AppleWebKit/537.22 (KHTML, like Gecko) Chrome/25.0.1364.97 Safari/537.22"
207.181.235.233 - - [26/Feb/2013:21:07:10 -0600] "GET /index.php/home HTTP/1.1" 200 580 "-" "Mozilla/5.0 (Windows NT 6.1; WOW64) AppleWebKit/537.22 (KHTML, like Gecko) Chrome/25.0.1364.97 Safari/537.22"
207.181.235.233 - - [26/Feb/2013:21:07:10 -0600] "GET /index.php/home HTTP/1.1" 200 579 "-" "Mozilla/5.0 (Windows NT 6.1; WOW64) AppleWebKit/537.22 (KHTML, like Gecko) Chrome/25.0.1364.97 Safari/537.22"
207.181.235.233 - - [26/Feb/2013:21:07:59 -0600] "GET /index.php/home HTTP/1.1" 200 580 "-" "Mozilla/5.0 (Windows NT 6.1; WOW64) AppleWebKit/537.22 (KHTML, like Gecko) Chrome/25.0.1364.97 Safari/537.22"
207.181.235.233 - - [26/Feb/2013:21:08:00 -0600] "GET /index.php/home HTTP/1.1" 200 579 "-" "Mozilla/5.0 (Windows NT 6.1; WOW64) AppleWebKit/537.22 (KHTML, like Gecko) Chrome/25.0.1364.97 Safari/537.22"
207.181.235.233 - - [26/Feb/2013:21:09:18 -0600] "GET /index.php/home HTTP/1.1" 200 596 "-" "Mozilla/5.0 (Windows NT 6.1; WOW64) AppleWebKit/537.22 (KHTML, like Gecko) Chrome/25.0.1364.97 Safari/537.22"
207.181.235.233 - - [26/Feb/2013:21:10:04 -0600] "GET /index.php/home HTTP/1.1" 200 597 "-" "Mozilla/5.0 (Windows NT 6.1; WOW64) AppleWebKit/537.22 (KHTML, like Gecko) Chrome/25.0.1364.97 Safari/537.22"
66.249.75.210 - - [26/Feb/2013:21:11:43 -0600] "GET /user_guide/installation/troubleshooting.html HTTP/1.1" 200 1958 "-" "Mozilla/5.0 (compatible; Googlebot/2.1; +http://www.google.com/bot.html)"
66.249.75.210 - - [26/Feb/2013:21:40:31 -0600] "GET /user_guide/installation/ HTTP/1.1" 200 2493 "-" "Mozilla/5.0 (compatible; Googlebot/2.1; +http://www.google.com/bot.html)"
66.249.75.210 - - [26/Feb/2013:22:09:19 -0600] "GET /user_guide/database/examples.html HTTP/1.1" 200 2731 "-" "Mozilla/5.0 (compatible; Googlebot/2.1; +http://www.google.com/bot.html)"
192.95.22.19 - - [26/Feb/2013:22:37:45 -0600] "GET / HTTP/1.1" 404 1458 "-" "Mozilla/5.0 (X11; U; Linux x86_64; fr; rv:1.9.0.4) Gecko/2008111217 Fedora/3.0.4-1.fc10 Firefox/3.0.4"
66.249.75.210 - - [26/Feb/2013:22:38:07 -0600] "GET /user_guide/doc_style/template.html HTTP/1.1" 200 1894 "-" "Mozilla/5.0 (compatible; Googlebot/2.1; +http://www.google.com/bot.html)"
123.125.71.104 - - [26/Feb/2013:22:41:20 -0600] "GET / HTTP/1.1" 404 1395 "-" "Mozilla/5.0 (compatible; Baiduspider/2.0; +http://www.baidu.com/search/spider.html)"
220.181.108.156 - - [26/Feb/2013:22:42:20 -0600] "GET / HTTP/1.1" 404 1395 "-" "Mozilla/5.0 (compatible; Baiduspider/2.0; +http://www.baidu.com/search/spider.html)"
123.125.71.52 - - [26/Feb/2013:22:45:35 -0600] "GET /robots.txt HTTP/1.1" 404 462 "-" "Mozilla/5.0 (Windows NT 5.1; rv:6.0.2) Gecko/20100101 Firefox/6.0.2"
66.249.75.210 - - [26/Feb/2013:23:06:55 -0600] "GET /user_guide/database/table_data.html HTTP/1.1" 200 1925 "-" "Mozilla/5.0 (compatible; Googlebot/2.1; +http://www.google.com/bot.html)"
66.249.75.210 - - [26/Feb/2013:23:37:02 -0600] "GET /user_guide/installation/upgrade_213.html HTTP/1.1" 200 1850 "-" "Mozilla/5.0 (compatible; Googlebot/2.1; +http://www.google.com/bot.html)"
123.125.71.89 - - [26/Feb/2013:23:42:08 -0600] "GET / HTTP/1.1" 404 1395 "-" "Mozilla/5.0 (compatible; Baiduspider/2.0; +http://www.baidu.com/search/spider.html)"
220.181.108.162 - - [26/Feb/2013:23:43:11 -0600] "GET / HTTP/1.1" 404 1395 "-" "Mozilla/5.0 (compatible; Baiduspider/2.0; +http://www.baidu.com/search/spider.html)"
66.249.75.210 - - [27/Feb/2013:00:08:41 -0600] "GET /user_guide/installation/upgrade_153.html HTTP/1.1" 200 1909 "-" "Mozilla/5.0 (compatible; Googlebot/2.1; +http://www.google.com/bot.html)"
66.249.75.210 - - [27/Feb/2013:00:37:43 -0600] "GET /user_guide/installation/upgrade_140.html HTTP/1.1" 200 2492 "-" "Mozilla/5.0 (compatible; Googlebot/2.1; +http://www.google.com/bot.html)"
123.125.71.109 - - [27/Feb/2013:00:40:32 -0600] "GET / HTTP/1.1" 404 1395 "-" "Mozilla/5.0 (compatible; Baiduspider/2.0; +http://www.baidu.com/search/spider.html)"
220.181.108.185 - - [27/Feb/2013:00:41:32 -0600] "GET / HTTP/1.1" 404 1395 "-" "Mozilla/5.0 (compatible; Baiduspider/2.0; +http://www.baidu.com/search/spider.html)"
66.249.75.210 - - [27/Feb/2013:01:02:07 -0600] "GET /user_guide/installation/upgrade_163.html HTTP/1.1" 200 1898 "-" "Mozilla/5.0 (compatible; Googlebot/2.1; +http://www.google.com/bot.html)"
66.249.75.210 - - [27/Feb/2013:01:30:55 -0600] "GET /user_guide/installation/upgrade_133.html HTTP/1.1" 200 2197 "-" "Mozilla/5.0 (compatible; Googlebot/2.1; +http://www.google.com/bot.html)"
123.125.71.113 - - [27/Feb/2013:01:41:24 -0600] "GET / HTTP/1.1" 404 1395 "-" "Mozilla/5.0 (compatible; Baiduspider/2.0; +http://www.baidu.com/search/spider.html)"
220.181.108.163 - - [27/Feb/2013:01:42:23 -0600] "GET / HTTP/1.1" 404 1395 "-" "Mozilla/5.0 (compatible; Baiduspider/2.0; +http://www.baidu.com/search/spider.html)"
66.249.75.210 - - [27/Feb/2013:01:59:43 -0600] "GET /user_guide/installation/upgrade_170.html HTTP/1.1" 200 2440 "-" "Mozilla/5.0 (compatible; Googlebot/2.1; +http://www.google.com/bot.html)"
66.249.75.210 - - [27/Feb/2013:02:28:31 -0600] "GET /user_guide/installation/upgrade_201.html HTTP/1.1" 200 2202 "-" "Mozilla/5.0 (compatible; Googlebot/2.1; +http://www.google.com/bot.html)"
123.125.71.81 - - [27/Feb/2013:02:40:55 -0600] "GET / HTTP/1.1" 404 1395 "-" "Mozilla/5.0 (compatible; Baiduspider/2.0; +http://www.baidu.com/search/spider.html)"
220.181.108.169 - - [27/Feb/2013:02:41:52 -0600] "GET / HTTP/1.1" 404 1395 "-" "Mozilla/5.0 (compatible; Baiduspider/2.0; +http://www.baidu.com/search/spider.html)"
66.249.75.210 - - [27/Feb/2013:02:59:32 -0600] "GET /user_guide/installation/upgrade_161.html HTTP/1.1" 200 1897 "-" "Mozilla/5.0 (compatible; Googlebot/2.1; +http://www.google.com/bot.html)"
66.249.75.210 - - [27/Feb/2013:03:28:46 -0600] "GET /user_guide/installation/upgrade_172.html HTTP/1.1" 200 2179 "-" "Mozilla/5.0 (compatible; Googlebot/2.1; +http://www.google.com/bot.html)"
123.125.71.114 - - [27/Feb/2013:03:41:05 -0600] "GET / HTTP/1.1" 404 1395 "-" "Mozilla/5.0 (compatible; Baiduspider/2.0; +http://www.baidu.com/search/spider.html)"
220.181.108.144 - - [27/Feb/2013:03:42:01 -0600] "GET / HTTP/1.1" 404 1395 "-" "Mozilla/5.0 (compatible; Baiduspider/2.0; +http://www.baidu.com/search/spider.html)"
66.249.75.210 - - [27/Feb/2013:03:58:05 -0600] "GET /user_guide/installation/upgrade_150.html HTTP/1.1" 200 2716 "-" "Mozilla/5.0 (compatible; Googlebot/2.1; +http://www.google.com/bot.html)"
66.249.75.210 - - [27/Feb/2013:04:29:21 -0600] "GET /user_guide/installation/upgrade_141.html HTTP/1.1" 200 2526 "-" "Mozilla/5.0 (compatible; Googlebot/2.1; +http://www.google.com/bot.html)"
123.125.71.95 - - [27/Feb/2013:04:43:02 -0600] "GET / HTTP/1.1" 404 1395 "-" "Mozilla/5.0 (compatible; Baiduspider/2.0; +http://www.baidu.com/search/spider.html)"
220.181.108.139 - - [27/Feb/2013:04:44:04 -0600] "GET / HTTP/1.1" 404 1395 "-" "Mozilla/5.0 (compatible; Baiduspider/2.0; +http://www.baidu.com/search/spider.html)"
66.249.75.210 - - [27/Feb/2013:05:01:17 -0600] "GET /user_guide/installation/upgrade_202.html HTTP/1.1" 200 2110 "-" "Mozilla/5.0 (compatible; Googlebot/2.1; +http://www.google.com/bot.html)"
66.249.75.210 - - [27/Feb/2013:05:21:19 -0600] "GET /user_guide/installation/upgrade_162.html HTTP/1.1" 200 2079 "-" "Mozilla/5.0 (compatible; Googlebot/2.1; +http://www.google.com/bot.html)"
123.125.71.70 - - [27/Feb/2013:05:42:54 -0600] "GET / HTTP/1.1" 404 1395 "-" "Mozilla/5.0 (compatible; Baiduspider/2.0; +http://www.baidu.com/search/spider.html)"
220.181.108.154 - - [27/Feb/2013:05:43:58 -0600] "GET / HTTP/1.1" 404 1395 "-" "Mozilla/5.0 (compatible; Baiduspider/2.0; +http://www.baidu.com/search/spider.html)"
66.249.75.210 - - [27/Feb/2013:05:50:07 -0600] "GET /user_guide/installation/upgrade_130.html HTTP/1.1" 200 2824 "-" "Mozilla/5.0 (compatible; Googlebot/2.1; +http://www.google.com/bot.html)"
66.249.75.210 - - [27/Feb/2013:06:18:55 -0600] "GET /user_guide/installation/upgrade_120.html HTTP/1.1" 200 1815 "-" "Mozilla/5.0 (compatible; Googlebot/2.1; +http://www.google.com/bot.html)"
123.125.71.87 - - [27/Feb/2013:06:43:22 -0600] "GET / HTTP/1.1" 404 1395 "-" "Mozilla/5.0 (compatible; Baiduspider/2.0; +http://www.baidu.com/search/spider.html)"
220.181.108.140 - - [27/Feb/2013:06:44:24 -0600] "GET / HTTP/1.1" 404 1395 "-" "Mozilla/5.0 (compatible; Baiduspider/2.0; +http://www.baidu.com/search/spider.html)"
66.249.75.210 - - [27/Feb/2013:06:47:52 -0600] "GET /robots.txt HTTP/1.1" 404 499 "-" "Mozilla/5.0 (compatible; Googlebot/2.1; +http://www.google.com/bot.html)"
66.249.75.210 - - [27/Feb/2013:06:47:52 -0600] "GET /user_guide/installation/upgrade_210.html HTTP/1.1" 200 1925 "-" "Mozilla/5.0 (compatible; Googlebot/2.1; +http://www.google.com/bot.html)"
66.249.75.210 - - [27/Feb/2013:07:20:11 -0600] "GET /user_guide/installation/upgrade_132.html HTTP/1.1" 200 1925 "-" "Mozilla/5.0 (compatible; Googlebot/2.1; +http://www.google.com/bot.html)"
123.125.71.100 - - [27/Feb/2013:07:43:11 -0600] "GET / HTTP/1.1" 404 1395 "-" "Mozilla/5.0 (compatible; Baiduspider/2.0; +http://www.baidu.com/search/spider.html)"
220.181.108.185 - - [27/Feb/2013:07:44:13 -0600] "GET / HTTP/1.1" 404 1395 "-" "Mozilla/5.0 (compatible; Baiduspider/2.0; +http://www.baidu.com/search/spider.html)"
66.249.75.210 - - [27/Feb/2013:07:47:03 -0600] "GET /user_guide/installation/upgrade_212.html HTTP/1.1" 200 1846 "-" "Mozilla/5.0 (compatible; Googlebot/2.1; +http://www.google.com/bot.html)"
123.125.71.76 - - [27/Feb/2013:08:13:22 -0600] "GET / HTTP/1.1" 404 792 "-" "Mozilla/5.0 (compatible; Baiduspider/2.0; +http://www.baidu.com/search/spider.html)"
66.249.75.210 - - [27/Feb/2013:08:19:32 -0600] "GET /user_guide/installation/upgrade_160.html HTTP/1.1" 200 2282 "-" "Mozilla/5.0 (compatible; Googlebot/2.1; +http://www.google.com/bot.html)"
123.125.71.106 - - [27/Feb/2013:08:42:34 -0600] "GET / HTTP/1.1" 404 1395 "-" "Mozilla/5.0 (compatible; Baiduspider/2.0; +http://www.baidu.com/search/spider.html)"
220.181.108.186 - - [27/Feb/2013:08:43:35 -0600] "GET / HTTP/1.1" 404 1395 "-" "Mozilla/5.0 (compatible; Baiduspider/2.0; +http://www.baidu.com/search/spider.html)"
66.249.76.210 - - [27/Feb/2013:08:53:57 -0600] "GET /robots.txt HTTP/1.1" 404 499 "-" "Mozilla/5.0 (compatible; Googlebot/2.1; +http://www.google.com/bot.html)"
66.249.76.210 - - [27/Feb/2013:08:53:57 -0600] "GET /user_guide/installation/upgrade_211.html HTTP/1.1" 200 2099 "-" "Mozilla/5.0 (compatible; Googlebot/2.1; +http://www.google.com/bot.html)"
66.249.76.210 - - [27/Feb/2013:09:16:32 -0600] "GET /user_guide/installation/upgrade_b11.html HTTP/1.1" 200 2528 "-" "Mozilla/5.0 (compatible; Googlebot/2.1; +http://www.google.com/bot.html)"
123.125.71.76 - - [27/Feb/2013:09:42:17 -0600] "GET / HTTP/1.1" 404 1395 "-" "Mozilla/5.0 (compatible; Baiduspider/2.0; +http://www.baidu.com/search/spider.html)"
220.181.108.147 - - [27/Feb/2013:09:43:18 -0600] "GET / HTTP/1.1" 404 1395 "-" "Mozilla/5.0 (compatible; Baiduspider/2.0; +http://www.baidu.com/search/spider.html)"
66.249.76.210 - - [27/Feb/2013:09:49:09 -0600] "GET /user_guide/installation/upgrade_154.html HTTP/1.1" 200 2167 "-" "Mozilla/5.0 (compatible; Googlebot/2.1; +http://www.google.com/bot.html)"
66.249.76.210 - - [27/Feb/2013:10:09:42 -0600] "GET /user_guide/installation/upgrade_171.html HTTP/1.1" 200 1910 "-" "Mozilla/5.0 (compatible; Googlebot/2.1; +http://www.google.com/bot.html)"
66.249.76.210 - - [27/Feb/2013:10:38:07 -0600] "GET /user_guide/installation/upgrade_131.html HTTP/1.1" 200 1958 "-" "Mozilla/5.0 (compatible; Googlebot/2.1; +http://www.google.com/bot.html)"
123.125.71.94 - - [27/Feb/2013:10:53:28 -0600] "GET / HTTP/1.1" 404 1395 "-" "Mozilla/5.0 (compatible; Baiduspider/2.0; +http://www.baidu.com/search/spider.html)"
220.181.108.179 - - [27/Feb/2013:10:55:03 -0600] "GET / HTTP/1.1" 404 1395 "-" "Mozilla/5.0 (compatible; Baiduspider/2.0; +http://www.baidu.com/search/spider.html)"
66.249.76.210 - - [27/Feb/2013:11:06:57 -0600] "GET /user_guide/installation/upgrade_152.html HTTP/1.1" 200 2076 "-" "Mozilla/5.0 (compatible; Googlebot/2.1; +http://www.google.com/bot.html)"
66.249.76.210 - - [27/Feb/2013:11:37:20 -0600] "GET /user_guide/images/codeigniter_1.7.1_helper_reference.pdf HTTP/1.1" 200 499398 "-" "Mozilla/5.0 (compatible; Googlebot/2.1; +http://www.google.com/bot.html)"
123.125.71.117 - - [27/Feb/2013:11:43:14 -0600] "GET / HTTP/1.1" 404 1395 "-" "Mozilla/5.0 (compatible; Baiduspider/2.0; +http://www.baidu.com/search/spider.html)"
220.181.108.172 - - [27/Feb/2013:11:44:13 -0600] "GET / HTTP/1.1" 404 1395 "-" "Mozilla/5.0 (compatible; Baiduspider/2.0; +http://www.baidu.com/search/spider.html)"
60.199.223.196 - - [27/Feb/2013:12:07:57 -0600] "GET /w00tw00t.at.blackhats.romanian.anti-sec:) HTTP/1.1" 404 489 "-" "ZmEu"
60.199.223.196 - - [27/Feb/2013:12:07:58 -0600] "GET /phpMyAdmin/scripts/setup.php HTTP/1.1" 404 479 "-" "ZmEu"
60.199.223.196 - - [27/Feb/2013:12:07:58 -0600] "GET /phpmyadmin/scripts/setup.php HTTP/1.1" 404 478 "-" "ZmEu"
60.199.223.196 - - [27/Feb/2013:12:07:59 -0600] "GET /pma/scripts/setup.php HTTP/1.1" 404 473 "-" "ZmEu"
60.199.223.196 - - [27/Feb/2013:12:07:59 -0600] "GET /myadmin/scripts/setup.php HTTP/1.1" 404 477 "-" "ZmEu"
60.199.223.196 - - [27/Feb/2013:12:07:59 -0600] "GET /MyAdmin/scripts/setup.php HTTP/1.1" 404 477 "-" "ZmEu"
::1 - - [27/Feb/2013:12:08:00 -0600] "OPTIONS * HTTP/1.0" 200 126 "-" "Apache/2.2.22 (Ubuntu) (internal dummy connection)"
66.249.76.210 - - [27/Feb/2013:12:08:05 -0600] "GET /user_guide/images/codeigniter_1.7.1_library_reference.pdf HTTP/1.1" 200 667220 "-" "Mozilla/5.0 (compatible; Googlebot/2.1; +http://www.google.com/bot.html)"
66.249.76.210 - - [27/Feb/2013:12:13:37 -0600] "GET /game/ HTTP/1.1" 404 496 "-" "Mozilla/5.0 (compatible; Googlebot/2.1; +http://www.google.com/bot.html)"
66.249.76.210 - - [27/Feb/2013:12:14:33 -0600] "GET /user_guide/images/codeigniter_1.7.1_library_reference.pdf HTTP/1.1" 200 667220 "-" "Googlebot/2.1 (+http://www.google.com/bot.html)"
66.249.76.210 - - [27/Feb/2013:12:39:20 -0600] "GET /user_guide/urls.html HTTP/1.1" 404 505 "-" "Mozilla/5.0 (compatible; Googlebot/2.1; +http://www.google.com/bot.html)"
66.249.76.210 - - [27/Feb/2013:12:49:15 -0600] "GET /media/depreciated/keydb_logo.png HTTP/1.1" 404 513 "-" "Googlebot-Image/1.0"
66.249.76.210 - - [27/Feb/2013:12:54:14 -0600] "GET /game/media/splash_screen.jpg HTTP/1.1" 404 513 "-" "Googlebot-Image/1.0"
66.249.76.210 - - [27/Feb/2013:13:02:07 -0600] "GET /user_guide/models.html HTTP/1.1" 404 507 "-" "Mozilla/5.0 (compatible; Googlebot/2.1; +http://www.google.com/bot.html)"
66.249.76.210 - - [27/Feb/2013:13:30:55 -0600] "GET /user_guide/routing.html HTTP/1.1" 404 506 "-" "Mozilla/5.0 (compatible; Googlebot/2.1; +http://www.google.com/bot.html)"
66.249.76.210 - - [27/Feb/2013:14:01:00 -0600] "GET /libraries/image_lib.html HTTP/1.1" 404 507 "-" "Mozilla/5.0 (compatible; Googlebot/2.1; +http://www.google.com/bot.html)"
66.249.76.210 - - [27/Feb/2013:14:28:31 -0600] "GET /user_guide/controllers.html HTTP/1.1" 404 508 "-" "Mozilla/5.0 (compatible; Googlebot/2.1; +http://www.google.com/bot.html)"
66.249.76.210 - - [27/Feb/2013:14:58:05 -0600] "GET /user_guide/managing_apps.html HTTP/1.1" 404 513 "-" "Mozilla/5.0 (compatible; Googlebot/2.1; +http://www.google.com/bot.html)"
66.249.76.210 - - [27/Feb/2013:15:06:24 -0600] "GET /user_guide/images/codeigniter_1.7.1_helper_reference.pdf HTTP/1.1" 200 499398 "-" "Googlebot/2.1 (+http://www.google.com/bot.html)"
66.249.76.210 - - [27/Feb/2013:15:27:17 -0600] "GET /user_guide/ancillary_classes.html HTTP/1.1" 404 515 "-" "Mozilla/5.0 (compatible; Googlebot/2.1; +http://www.google.com/bot.html)"
66.249.76.210 - - [27/Feb/2013:15:58:15 -0600] "GET /user_guide/creating_libraries.html HTTP/1.1" 404 515 "-" "Mozilla/5.0 (compatible; Googlebot/2.1; +http://www.google.com/bot.html)"
66.249.76.210 - - [27/Feb/2013:16:28:40 -0600] "GET /user_guide/database/forge.html HTTP/1.1" 200 4141 "-" "Mozilla/5.0 (compatible; Googlebot/2.1; +http://www.google.com/bot.html)"
66.252.65.146 - - [27/Feb/2013:16:53:14 -0600] "GET /index.php/users HTTP/1.1" 500 274 "-" "Mozilla/5.0 (Windows NT 6.1; WOW64) AppleWebKit/537.22 (KHTML, like Gecko) Chrome/25.0.1364.97 Safari/537.22"
66.252.65.146 - - [27/Feb/2013:16:53:17 -0600] "GET /index.php/users HTTP/1.1" 500 274 "-" "Mozilla/5.0 (Windows NT 6.1; WOW64) AppleWebKit/537.22 (KHTML, like Gecko) Chrome/25.0.1364.97 Safari/537.22"
66.252.65.146 - - [27/Feb/2013:16:53:18 -0600] "GET /index.php/users HTTP/1.1" 500 274 "-" "Mozilla/5.0 (Windows NT 6.1; WOW64) AppleWebKit/537.22 (KHTML, like Gecko) Chrome/25.0.1364.97 Safari/537.22"
66.252.65.146 - - [27/Feb/2013:16:53:18 -0600] "GET /favicon.ico HTTP/1.1" 404 500 "-" "Mozilla/5.0 (Windows NT 6.1; WOW64) AppleWebKit/537.22 (KHTML, like Gecko) Chrome/25.0.1364.97 Safari/537.22"
66.252.65.146 - - [27/Feb/2013:16:53:20 -0600] "GET /index.php/users HTTP/1.1" 500 274 "-" "Mozilla/5.0 (Windows NT 6.1; WOW64) AppleWebKit/537.22 (KHTML, like Gecko) Chrome/25.0.1364.97 Safari/537.22"
66.252.65.146 - - [27/Feb/2013:16:53:23 -0600] "GET /index.php/home HTTP/1.1" 200 504 "-" "Mozilla/5.0 (Windows NT 6.1; WOW64) AppleWebKit/537.22 (KHTML, like Gecko) Chrome/25.0.1364.97 Safari/537.22"
66.252.65.146 - - [27/Feb/2013:16:53:23 -0600] "GET /favicon.ico HTTP/1.1" 404 499 "-" "Mozilla/5.0 (Windows NT 6.1; WOW64) AppleWebKit/537.22 (KHTML, like Gecko) Chrome/25.0.1364.97 Safari/537.22"
66.252.65.146 - - [27/Feb/2013:16:54:54 -0600] "GET /index.php/users HTTP/1.1" 500 274 "-" "Mozilla/5.0 (Windows NT 6.1; WOW64) AppleWebKit/537.22 (KHTML, like Gecko) Chrome/25.0.1364.97 Safari/537.22"
66.252.65.146 - - [27/Feb/2013:16:54:55 -0600] "GET /index.php/users HTTP/1.1" 500 274 "-" "Mozilla/5.0 (Windows NT 6.1; WOW64) AppleWebKit/537.22 (KHTML, like Gecko) Chrome/25.0.1364.97 Safari/537.22"
66.252.65.146 - - [27/Feb/2013:16:54:55 -0600] "GET /favicon.ico HTTP/1.1" 404 500 "-" "Mozilla/5.0 (Windows NT 6.1; WOW64) AppleWebKit/537.22 (KHTML, like Gecko) Chrome/25.0.1364.97 Safari/537.22"
66.252.65.146 - - [27/Feb/2013:16:56:38 -0600] "GET /index.php/users HTTP/1.1" 500 274 "-" "Mozilla/5.0 (Windows NT 6.1; WOW64) AppleWebKit/537.22 (KHTML, like Gecko) Chrome/25.0.1364.97 Safari/537.22"
66.252.65.146 - - [27/Feb/2013:16:56:38 -0600] "GET /favicon.ico HTTP/1.1" 404 500 "-" "Mozilla/5.0 (Windows NT 6.1; WOW64) AppleWebKit/537.22 (KHTML, like Gecko) Chrome/25.0.1364.97 Safari/537.22"
66.252.65.146 - - [27/Feb/2013:16:56:39 -0600] "GET /index.php/users HTTP/1.1" 500 274 "-" "Mozilla/5.0 (Windows NT 6.1; WOW64) AppleWebKit/537.22 (KHTML, like Gecko) Chrome/25.0.1364.97 Safari/537.22"
66.252.65.146 - - [27/Feb/2013:16:56:39 -0600] "GET /favicon.ico HTTP/1.1" 404 500 "-" "Mozilla/5.0 (Windows NT 6.1; WOW64) AppleWebKit/537.22 (KHTML, like Gecko) Chrome/25.0.1364.97 Safari/537.22"
66.252.65.146 - - [27/Feb/2013:16:56:50 -0600] "GET /index.php/Users/users HTTP/1.1" 500 274 "-" "Mozilla/5.0 (Windows NT 6.1; WOW64) AppleWebKit/537.22 (KHTML, like Gecko) Chrome/25.0.1364.97 Safari/537.22"
66.252.65.146 - - [27/Feb/2013:16:57:01 -0600] "GET /index.php/ HTTP/1.1" 404 829 "-" "Mozilla/5.0 (Windows NT 6.1; WOW64) AppleWebKit/537.22 (KHTML, like Gecko) Chrome/25.0.1364.97 Safari/537.22"
66.252.65.146 - - [27/Feb/2013:16:57:01 -0600] "GET /favicon.ico HTTP/1.1" 404 499 "-" "Mozilla/5.0 (Windows NT 6.1; WOW64) AppleWebKit/537.22 (KHTML, like Gecko) Chrome/25.0.1364.97 Safari/537.22"
66.252.65.146 - - [27/Feb/2013:16:57:04 -0600] "GET /index.php/home HTTP/1.1" 200 503 "-" "Mozilla/5.0 (Windows NT 6.1; WOW64) AppleWebKit/537.22 (KHTML, like Gecko) Chrome/25.0.1364.97 Safari/537.22"
66.252.65.146 - - [27/Feb/2013:16:57:04 -0600] "GET /favicon.ico HTTP/1.1" 404 499 "-" "Mozilla/5.0 (Windows NT 6.1; WOW64) AppleWebKit/537.22 (KHTML, like Gecko) Chrome/25.0.1364.97 Safari/537.22"
66.249.76.210 - - [27/Feb/2013:16:57:15 -0600] "GET /user_guide/database/fields.html HTTP/1.1" 200 2376 "-" "Mozilla/5.0 (compatible; Googlebot/2.1; +http://www.google.com/bot.html)"
66.252.65.146 - - [27/Feb/2013:16:58:39 -0600] "GET /index.php/users HTTP/1.1" 500 274 "-" "Mozilla/5.0 (Windows NT 6.1; WOW64) AppleWebKit/537.22 (KHTML, like Gecko) Chrome/25.0.1364.97 Safari/537.22"
66.252.65.146 - - [27/Feb/2013:16:58:39 -0600] "GET /favicon.ico HTTP/1.1" 404 500 "-" "Mozilla/5.0 (Windows NT 6.1; WOW64) AppleWebKit/537.22 (KHTML, like Gecko) Chrome/25.0.1364.97 Safari/537.22"
66.249.76.210 - - [27/Feb/2013:17:21:19 -0600] "GET /user_guide/database/caching.html HTTP/1.1" 200 4080 "-" "Mozilla/5.0 (compatible; Googlebot/2.1; +http://www.google.com/bot.html)"
66.249.76.210 - - [27/Feb/2013:17:50:42 -0600] "GET /user_guide/database/queries.html HTTP/1.1" 200 3183 "-" "Mozilla/5.0 (compatible; Googlebot/2.1; +http://www.google.com/bot.html)"
123.125.71.84 - - [27/Feb/2013:18:13:19 -0600] "GET /PKhVS/VOTUS/ZSYRV/MTkjY/KQONU/ HTTP/1.1" 404 480 "-" "Mozilla/5.0 (compatible; Baiduspider/2.0; +http://www.baidu.com/search/spider.html)"
66.249.76.210 - - [27/Feb/2013:18:19:27 -0600] "GET /user_guide/database/results.html HTTP/1.1" 200 3090 "-" "Mozilla/5.0 (compatible; Googlebot/2.1; +http://www.google.com/bot.html)"
66.249.76.210 - - [27/Feb/2013:18:48:56 -0600] "GET /user_guide/database/helpers.html HTTP/1.1" 200 2581 "-" "Mozilla/5.0 (compatible; Googlebot/2.1; +http://www.google.com/bot.html)"
66.249.76.210 - - [27/Feb/2013:19:19:07 -0600] "GET /user_guide/libraries/session.html HTTP/1.1" 404 514 "-" "Mozilla/5.0 (compatible; Googlebot/2.1; +http://www.google.com/bot.html)"
66.249.76.210 - - [27/Feb/2013:19:49:03 -0600] "GET /user_guide/libraries/image_lib.php HTTP/1.1" 404 516 "-" "Mozilla/5.0 (compatible; Googlebot/2.1; +http://www.google.com/bot.html)"
66.249.76.210 - - [27/Feb/2013:20:19:02 -0600] "GET /user_guide/libraries/database.html HTTP/1.1" 404 513 "-" "Mozilla/5.0 (compatible; Googlebot/2.1; +http://www.google.com/bot.html)"
207.181.235.233 - - [27/Feb/2013:20:28:17 -0600] "GET /index.php/users HTTP/1.1" 404 829 "-" "Mozilla/5.0 (Windows NT 6.1; WOW64) AppleWebKit/537.22 (KHTML, like Gecko) Chrome/25.0.1364.97 Safari/537.22"
207.181.235.233 - - [27/Feb/2013:20:28:27 -0600] "GET /index.php/login HTTP/1.1" 404 829 "-" "Mozilla/5.0 (Windows NT 6.1; WOW64) AppleWebKit/537.22 (KHTML, like Gecko) Chrome/25.0.1364.97 Safari/537.22"
207.181.235.233 - - [27/Feb/2013:20:28:31 -0600] "GET /index.php/Login HTTP/1.1" 500 274 "-" "Mozilla/5.0 (Windows NT 6.1; WOW64) AppleWebKit/537.22 (KHTML, like Gecko) Chrome/25.0.1364.97 Safari/537.22"
207.181.235.233 - - [27/Feb/2013:20:30:12 -0600] "GET /index.php/home HTTP/1.1" 200 504 "-" "Mozilla/5.0 (Windows NT 6.1; WOW64) AppleWebKit/537.22 (KHTML, like Gecko) Chrome/25.0.1364.97 Safari/537.22"
207.181.235.233 - - [27/Feb/2013:20:36:27 -0600] "GET /index.php/home HTTP/1.1" 500 274 "-" "Mozilla/5.0 (Windows NT 6.1; WOW64) AppleWebKit/537.22 (KHTML, like Gecko) Chrome/25.0.1364.97 Safari/537.22"
207.181.235.233 - - [27/Feb/2013:20:36:28 -0600] "GET /index.php/home HTTP/1.1" 500 274 "-" "Mozilla/5.0 (Windows NT 6.1; WOW64) AppleWebKit/537.22 (KHTML, like Gecko) Chrome/25.0.1364.97 Safari/537.22"
207.181.235.233 - - [27/Feb/2013:20:36:28 -0600] "GET /index.php/home HTTP/1.1" 500 274 "-" "Mozilla/5.0 (Windows NT 6.1; WOW64) AppleWebKit/537.22 (KHTML, like Gecko) Chrome/25.0.1364.97 Safari/537.22"
207.181.235.233 - - [27/Feb/2013:20:36:50 -0600] "GET /index.php/home HTTP/1.1" 500 274 "-" "Mozilla/5.0 (Windows NT 6.1; WOW64) AppleWebKit/537.22 (KHTML, like Gecko) Chrome/25.0.1364.97 Safari/537.22"
207.181.235.233 - - [27/Feb/2013:20:36:50 -0600] "GET /index.php/home HTTP/1.1" 500 274 "-" "Mozilla/5.0 (Windows NT 6.1; WOW64) AppleWebKit/537.22 (KHTML, like Gecko) Chrome/25.0.1364.97 Safari/537.22"
207.181.235.233 - - [27/Feb/2013:20:36:51 -0600] "GET /index.php/home HTTP/1.1" 500 274 "-" "Mozilla/5.0 (Windows NT 6.1; WOW64) AppleWebKit/537.22 (KHTML, like Gecko) Chrome/25.0.1364.97 Safari/537.22"
207.181.235.233 - - [27/Feb/2013:20:36:51 -0600] "GET /index.php/home HTTP/1.1" 500 274 "-" "Mozilla/5.0 (Windows NT 6.1; WOW64) AppleWebKit/537.22 (KHTML, like Gecko) Chrome/25.0.1364.97 Safari/537.22"
207.181.235.233 - - [27/Feb/2013:20:36:51 -0600] "GET /index.php/home HTTP/1.1" 500 274 "-" "Mozilla/5.0 (Windows NT 6.1; WOW64) AppleWebKit/537.22 (KHTML, like Gecko) Chrome/25.0.1364.97 Safari/537.22"
207.181.235.233 - - [27/Feb/2013:20:36:51 -0600] "GET /index.php/home HTTP/1.1" 500 274 "-" "Mozilla/5.0 (Windows NT 6.1; WOW64) AppleWebKit/537.22 (KHTML, like Gecko) Chrome/25.0.1364.97 Safari/537.22"
207.181.235.233 - - [27/Feb/2013:20:37:03 -0600] "GET /index.php/home HTTP/1.1" 200 673 "-" "Mozilla/5.0 (Windows NT 6.1; WOW64) AppleWebKit/537.22 (KHTML, like Gecko) Chrome/25.0.1364.97 Safari/537.22"
207.181.235.233 - - [27/Feb/2013:20:37:30 -0600] "GET /index.php/home HTTP/1.1" 200 672 "-" "Mozilla/5.0 (Windows NT 6.1; WOW64) AppleWebKit/537.22 (KHTML, like Gecko) Chrome/25.0.1364.97 Safari/537.22"
207.181.235.233 - - [27/Feb/2013:20:37:30 -0600] "GET /index.php/home HTTP/1.1" 200 671 "-" "Mozilla/5.0 (Windows NT 6.1; WOW64) AppleWebKit/537.22 (KHTML, like Gecko) Chrome/25.0.1364.97 Safari/537.22"
207.181.235.233 - - [27/Feb/2013:20:37:50 -0600] "GET /index.php/home HTTP/1.1" 200 504 "-" "Mozilla/5.0 (Windows NT 6.1; WOW64) AppleWebKit/537.22 (KHTML, like Gecko) Chrome/25.0.1364.97 Safari/537.22"
207.181.235.233 - - [27/Feb/2013:20:37:51 -0600] "GET /index.php/home HTTP/1.1" 200 503 "-" "Mozilla/5.0 (Windows NT 6.1; WOW64) AppleWebKit/537.22 (KHTML, like Gecko) Chrome/25.0.1364.97 Safari/537.22"
207.181.235.233 - - [27/Feb/2013:20:46:57 -0600] "GET /index.php/users HTTP/1.1" 500 274 "-" "Mozilla/5.0 (Windows NT 6.1; WOW64) AppleWebKit/537.22 (KHTML, like Gecko) Chrome/25.0.1364.97 Safari/537.22"
207.181.235.233 - - [27/Feb/2013:20:47:00 -0600] "GET /index.php/users HTTP/1.1" 500 274 "-" "Mozilla/5.0 (Windows NT 6.1; WOW64) AppleWebKit/537.22 (KHTML, like Gecko) Chrome/25.0.1364.97 Safari/537.22"
66.249.76.210 - - [27/Feb/2013:20:49:16 -0600] "GET /user_guide/database/utilities.html HTTP/1.1" 200 4048 "-" "Mozilla/5.0 (compatible; Googlebot/2.1; +http://www.google.com/bot.html)"
66.249.76.210 - - [27/Feb/2013:21:11:43 -0600] "GET /robots.txt HTTP/1.1" 404 499 "-" "Mozilla/5.0 (compatible; Googlebot/2.1; +http://www.google.com/bot.html)"
66.249.76.210 - - [27/Feb/2013:21:11:43 -0600] "GET /user_guide/libraries/profiler.html HTTP/1.1" 404 513 "-" "Mozilla/5.0 (compatible; Googlebot/2.1; +http://www.google.com/bot.html)"
66.249.76.210 - - [27/Feb/2013:21:40:31 -0600] "GET /user_guide/database/connecting.html HTTP/1.1" 200 3283 "-" "Mozilla/5.0 (compatible; Googlebot/2.1; +http://www.google.com/bot.html)"
66.249.76.210 - - [27/Feb/2013:22:09:19 -0600] "GET /user_guide/libraries/validation.html HTTP/1.1" 404 515 "-" "Mozilla/5.0 (compatible; Googlebot/2.1; +http://www.google.com/bot.html)"
207.181.235.233 - - [27/Feb/2013:22:15:36 -0600] "GET /index.php/index HTTP/1.1" 404 829 "-" "Mozilla/5.0 (Windows NT 6.1; WOW64) AppleWebKit/537.22 (KHTML, like Gecko) Chrome/25.0.1364.97 Safari/537.22"
207.181.235.233 - - [27/Feb/2013:22:16:56 -0600] "GET /index.php/test HTTP/1.1" 200 508 "-" "Mozilla/5.0 (Windows NT 6.1; WOW64) AppleWebKit/537.22 (KHTML, like Gecko) Chrome/25.0.1364.97 Safari/537.22"
207.181.235.233 - - [27/Feb/2013:22:17:04 -0600] "GET /index.php/home HTTP/1.1" 200 504 "-" "Mozilla/5.0 (Windows NT 6.1; WOW64) AppleWebKit/537.22 (KHTML, like Gecko) Chrome/25.0.1364.97 Safari/537.22"
207.181.235.233 - - [27/Feb/2013:22:17:08 -0600] "GET /index.php/test HTTP/1.1" 200 507 "-" "Mozilla/5.0 (Windows NT 6.1; WOW64) AppleWebKit/537.22 (KHTML, like Gecko) Chrome/25.0.1364.97 Safari/537.22"
207.181.235.233 - - [27/Feb/2013:22:26:19 -0600] "GET /index.php/test HTTP/1.1" 200 508 "-" "Mozilla/5.0 (Windows NT 6.1; WOW64) AppleWebKit/537.22 (KHTML, like Gecko) Chrome/25.0.1364.97 Safari/537.22"
207.181.235.233 - - [27/Feb/2013:22:26:19 -0600] "GET /index.php/test HTTP/1.1" 200 507 "-" "Mozilla/5.0 (Windows NT 6.1; WOW64) AppleWebKit/537.22 (KHTML, like Gecko) Chrome/25.0.1364.97 Safari/537.22"
207.181.235.233 - - [27/Feb/2013:22:29:08 -0600] "GET /index.php/test HTTP/1.1" 500 274 "-" "Mozilla/5.0 (Windows NT 6.1; WOW64) AppleWebKit/537.22 (KHTML, like Gecko) Chrome/25.0.1364.97 Safari/537.22"
207.181.235.233 - - [27/Feb/2013:22:29:30 -0600] "GET /index.php/test HTTP/1.1" 200 515 "-" "Mozilla/5.0 (Windows NT 6.1; WOW64) AppleWebKit/537.22 (KHTML, like Gecko) Chrome/25.0.1364.97 Safari/537.22"
66.249.76.210 - - [27/Feb/2013:22:38:07 -0600] "GET /user_guide/database/transactions.html HTTP/1.1" 200 3205 "-" "Mozilla/5.0 (compatible; Googlebot/2.1; +http://www.google.com/bot.html)"
123.125.71.76 - - [27/Feb/2013:22:41:17 -0600] "GET / HTTP/1.1" 404 1395 "-" "Mozilla/5.0 (compatible; Baiduspider/2.0; +http://www.baidu.com/search/spider.html)"
220.181.108.154 - - [27/Feb/2013:22:42:16 -0600] "GET / HTTP/1.1" 404 1395 "-" "Mozilla/5.0 (compatible; Baiduspider/2.0; +http://www.baidu.com/search/spider.html)"
66.249.76.210 - - [27/Feb/2013:23:05:44 -0600] "GET /bnunzulsrz.html HTTP/1.1" 404 502 "-" "Mozilla/5.0 (compatible; Googlebot/2.1; +http://www.google.com/bot.html)"
66.249.76.210 - - [27/Feb/2013:23:07:19 -0600] "GET /user_guide/database/configuration.html HTTP/1.1" 200 3706 "-" "Mozilla/5.0 (compatible; Googlebot/2.1; +http://www.google.com/bot.html)"
66.249.76.210 - - [27/Feb/2013:23:10:23 -0600] "GET /Apollo/ HTTP/1.1" 404 497 "-" "Mozilla/5.0 (compatible; Googlebot/2.1; +http://www.google.com/bot.html)"
66.249.76.210 - - [27/Feb/2013:23:37:07 -0600] "GET / HTTP/1.1" 404 829 "-" "Mozilla/5.0 (compatible; Googlebot/2.1; +http://www.google.com/bot.html)"
66.249.76.210 - - [27/Feb/2013:23:39:10 -0600] "GET /user_guide/database/active_record.html HTTP/1.1" 200 7952 "-" "Mozilla/5.0 (compatible; Googlebot/2.1; +http://www.google.com/bot.html)"
123.125.71.80 - - [27/Feb/2013:23:40:52 -0600] "GET / HTTP/1.1" 404 1395 "-" "Mozilla/5.0 (compatible; Baiduspider/2.0; +http://www.baidu.com/search/spider.html)"
220.181.108.141 - - [27/Feb/2013:23:41:49 -0600] "GET / HTTP/1.1" 404 1395 "-" "Mozilla/5.0 (compatible; Baiduspider/2.0; +http://www.baidu.com/search/spider.html)"
66.249.76.210 - - [28/Feb/2013:00:09:07 -0600] "GET /user_guide/database/call_function.html HTTP/1.1" 200 2229 "-" "Mozilla/5.0 (compatible; Googlebot/2.1; +http://www.google.com/bot.html)"
66.249.76.210 - - [28/Feb/2013:00:38:51 -0600] "GET /user_guide/installation/upgrade_203.html HTTP/1.1" 200 2460 "-" "Mozilla/5.0 (compatible; Googlebot/2.1; +http://www.google.com/bot.html)"
123.125.71.77 - - [28/Feb/2013:00:40:49 -0600] "GET / HTTP/1.1" 404 1395 "-" "Mozilla/5.0 (compatible; Baiduspider/2.0; +http://www.baidu.com/search/spider.html)"
220.181.108.160 - - [28/Feb/2013:00:41:46 -0600] "GET / HTTP/1.1" 404 1395 "-" "Mozilla/5.0 (compatible; Baiduspider/2.0; +http://www.baidu.com/search/spider.html)"
66.249.76.210 - - [28/Feb/2013:01:02:07 -0600] "GET /user_guide/installation/upgrade_200.html HTTP/1.1" 200 3027 "-" "Mozilla/5.0 (compatible; Googlebot/2.1; +http://www.google.com/bot.html)"
66.249.76.210 - - [28/Feb/2013:01:30:55 -0600] "GET /user_guide/helpers/compatibility_helper.html HTTP/1.1" 404 520 "-" "Mozilla/5.0 (compatible; Googlebot/2.1; +http://www.google.com/bot.html)"
123.125.71.77 - - [28/Feb/2013:01:41:03 -0600] "GET / HTTP/1.1" 404 1395 "-" "Mozilla/5.0 (compatible; Baiduspider/2.0; +http://www.baidu.com/search/spider.html)"
220.181.108.146 - - [28/Feb/2013:01:41:59 -0600] "GET / HTTP/1.1" 404 1395 "-" "Mozilla/5.0 (compatible; Baiduspider/2.0; +http://www.baidu.com/search/spider.html)"
123.125.71.98 - - [28/Feb/2013:02:59:57 -0600] "GET / HTTP/1.1" 404 1395 "-" "Mozilla/5.0 (compatible; Baiduspider/2.0; +http://www.baidu.com/search/spider.html)"
220.181.108.155 - - [28/Feb/2013:03:00:49 -0600] "GET / HTTP/1.1" 404 1395 "-" "Mozilla/5.0 (compatible; Baiduspider/2.0; +http://www.baidu.com/search/spider.html)"
50.30.34.47 - - [28/Feb/2013:03:25:37 -0600] "GET / HTTP/1.1" 404 1376 "-" "bot.wsowner.com/1.0.0 (+http://wsowner.com/)"
50.30.34.47 - - [28/Feb/2013:03:25:37 -0600] "GET / HTTP/1.1" 404 1376 "-" "bot.wsowner.com/1.0.0 (+http://wsowner.com/)"
123.125.71.74 - - [28/Feb/2013:03:43:39 -0600] "GET / HTTP/1.1" 404 1395 "-" "Mozilla/5.0 (compatible; Baiduspider/2.0; +http://www.baidu.com/search/spider.html)"
220.181.108.175 - - [28/Feb/2013:03:44:34 -0600] "GET / HTTP/1.1" 404 1395 "-" "Mozilla/5.0 (compatible; Baiduspider/2.0; +http://www.baidu.com/search/spider.html)"
123.125.71.81 - - [28/Feb/2013:04:39:59 -0600] "GET / HTTP/1.1" 404 1395 "-" "Mozilla/5.0 (compatible; Baiduspider/2.0; +http://www.baidu.com/search/spider.html)"
220.181.108.186 - - [28/Feb/2013:04:40:53 -0600] "GET / HTTP/1.1" 404 1395 "-" "Mozilla/5.0 (compatible; Baiduspider/2.0; +http://www.baidu.com/search/spider.html)"
123.125.71.76 - - [28/Feb/2013:05:38:55 -0600] "GET / HTTP/1.1" 404 1395 "-" "Mozilla/5.0 (compatible; Baiduspider/2.0; +http://www.baidu.com/search/spider.html)"
220.181.108.182 - - [28/Feb/2013:05:39:45 -0600] "GET / HTTP/1.1" 404 1395 "-" "Mozilla/5.0 (compatible; Baiduspider/2.0; +http://www.baidu.com/search/spider.html)"
123.125.71.76 - - [28/Feb/2013:06:39:12 -0600] "GET / HTTP/1.1" 404 1395 "-" "Mozilla/5.0 (compatible; Baiduspider/2.0; +http://www.baidu.com/search/spider.html)"
220.181.108.158 - - [28/Feb/2013:06:40:05 -0600] "GET / HTTP/1.1" 404 1395 "-" "Mozilla/5.0 (compatible; Baiduspider/2.0; +http://www.baidu.com/search/spider.html)"
123.125.71.112 - - [28/Feb/2013:07:40:31 -0600] "GET / HTTP/1.1" 404 1395 "-" "Mozilla/5.0 (compatible; Baiduspider/2.0; +http://www.baidu.com/search/spider.html)"
220.181.108.156 - - [28/Feb/2013:07:41:05 -0600] "GET / HTTP/1.1" 404 1395 "-" "Mozilla/5.0 (compatible; Baiduspider/2.0; +http://www.baidu.com/search/spider.html)"
123.125.71.78 - - [28/Feb/2013:08:40:32 -0600] "GET / HTTP/1.1" 404 1395 "-" "Mozilla/5.0 (compatible; Baiduspider/2.0; +http://www.baidu.com/search/spider.html)"
220.181.108.175 - - [28/Feb/2013:08:41:28 -0600] "GET / HTTP/1.1" 404 1395 "-" "Mozilla/5.0 (compatible; Baiduspider/2.0; +http://www.baidu.com/search/spider.html)"
123.125.71.101 - - [28/Feb/2013:09:40:16 -0600] "GET / HTTP/1.1" 404 1395 "-" "Mozilla/5.0 (compatible; Baiduspider/2.0; +http://www.baidu.com/search/spider.html)"
220.181.108.166 - - [28/Feb/2013:09:41:13 -0600] "GET / HTTP/1.1" 404 1395 "-" "Mozilla/5.0 (compatible; Baiduspider/2.0; +http://www.baidu.com/search/spider.html)"
123.125.71.78 - - [28/Feb/2013:10:53:01 -0600] "GET / HTTP/1.1" 404 1395 "-" "Mozilla/5.0 (compatible; Baiduspider/2.0; +http://www.baidu.com/search/spider.html)"
220.181.108.162 - - [28/Feb/2013:10:54:18 -0600] "GET / HTTP/1.1" 404 1395 "-" "Mozilla/5.0 (compatible; Baiduspider/2.0; +http://www.baidu.com/search/spider.html)"
220.181.108.165 - - [28/Feb/2013:11:54:20 -0600] "GET / HTTP/1.1" 404 1395 "-" "Mozilla/5.0 (compatible; Baiduspider/2.0; +http://www.baidu.com/search/spider.html)"
123.125.71.112 - - [28/Feb/2013:11:55:24 -0600] "GET / HTTP/1.1" 404 1395 "-" "Mozilla/5.0 (compatible; Baiduspider/2.0; +http://www.baidu.com/search/spider.html)"
66.252.65.146 - - [28/Feb/2013:12:07:47 -0600] "GET /index.php/home HTTP/1.1" 200 504 "-" "Mozilla/5.0 (Windows NT 6.1; WOW64) AppleWebKit/537.22 (KHTML, like Gecko) Chrome/25.0.1364.97 Safari/537.22"
66.252.65.146 - - [28/Feb/2013:12:07:47 -0600] "GET /favicon.ico HTTP/1.1" 404 499 "-" "Mozilla/5.0 (Windows NT 6.1; WOW64) AppleWebKit/537.22 (KHTML, like Gecko) Chrome/25.0.1364.97 Safari/537.22"
66.252.65.146 - - [28/Feb/2013:12:07:50 -0600] "GET /index.php/test HTTP/1.1" 200 514 "-" "Mozilla/5.0 (Windows NT 6.1; WOW64) AppleWebKit/537.22 (KHTML, like Gecko) Chrome/25.0.1364.97 Safari/537.22"
66.252.65.146 - - [28/Feb/2013:12:07:51 -0600] "GET /favicon.ico HTTP/1.1" 404 499 "-" "Mozilla/5.0 (Windows NT 6.1; WOW64) AppleWebKit/537.22 (KHTML, like Gecko) Chrome/25.0.1364.97 Safari/537.22"
66.252.65.146 - - [28/Feb/2013:12:09:05 -0600] "GET /index.php/test HTTP/1.1" 200 668 "-" "Mozilla/5.0 (Windows NT 6.1; WOW64) AppleWebKit/537.22 (KHTML, like Gecko) Chrome/25.0.1364.97 Safari/537.22"
66.252.65.146 - - [28/Feb/2013:12:09:05 -0600] "GET /favicon.ico HTTP/1.1" 404 499 "-" "Mozilla/5.0 (Windows NT 6.1; WOW64) AppleWebKit/537.22 (KHTML, like Gecko) Chrome/25.0.1364.97 Safari/537.22"
66.252.65.146 - - [28/Feb/2013:12:09:06 -0600] "GET /index.php/test HTTP/1.1" 200 667 "-" "Mozilla/5.0 (Windows NT 6.1; WOW64) AppleWebKit/537.22 (KHTML, like Gecko) Chrome/25.0.1364.97 Safari/537.22"
66.252.65.146 - - [28/Feb/2013:12:09:07 -0600] "GET /favicon.ico HTTP/1.1" 404 499 "-" "Mozilla/5.0 (Windows NT 6.1; WOW64) AppleWebKit/537.22 (KHTML, like Gecko) Chrome/25.0.1364.97 Safari/537.22"
220.181.108.179 - - [28/Feb/2013:12:41:32 -0600] "GET / HTTP/1.1" 404 1395 "-" "Mozilla/5.0 (compatible; Baiduspider/2.0; +http://www.baidu.com/search/spider.html)"
123.125.71.92 - - [28/Feb/2013:12:42:38 -0600] "GET / HTTP/1.1" 404 1395 "-" "Mozilla/5.0 (compatible; Baiduspider/2.0; +http://www.baidu.com/search/spider.html)"
220.181.108.178 - - [28/Feb/2013:13:41:56 -0600] "GET / HTTP/1.1" 404 1395 "-" "Mozilla/5.0 (compatible; Baiduspider/2.0; +http://www.baidu.com/search/spider.html)"
123.125.71.69 - - [28/Feb/2013:13:42:04 -0600] "GET / HTTP/1.1" 404 1395 "-" "Mozilla/5.0 (compatible; Baiduspider/2.0; +http://www.baidu.com/search/spider.html)"
123.30.175.80 - - [28/Feb/2013:14:26:50 -0600] "GET /robots.txt HTTP/1.0" 404 462 "-" "coccoc/1.0 (http://help.coccoc.com/)"
123.30.175.86 - - [28/Feb/2013:14:26:54 -0600] "GET / HTTP/1.0" 404 792 "-" "coccoc/1.0 (http://help.coccoc.com/)"
123.30.175.86 - - [28/Feb/2013:14:27:51 -0600] "GET / HTTP/1.0" 404 792 "-" "Mozilla/5.0 (X11; Linux i686) AppleWebKit/536.11 (KHTML, like Gecko) Chrome/20.0.1132.47 Safari/536.11"
123.30.175.83 - - [28/Feb/2013:14:28:46 -0600] "GET / HTTP/1.1" 404 829 "-" "Mozilla/5.0 (Windows NT 6.1; rv:10.0.10) Gecko/20100101 Firefox/10.0.10"
123.125.71.100 - - [28/Feb/2013:14:41:16 -0600] "GET / HTTP/1.1" 404 1395 "-" "Mozilla/5.0 (compatible; Baiduspider/2.0; +http://www.baidu.com/search/spider.html)"
220.181.108.140 - - [28/Feb/2013:14:41:53 -0600] "GET / HTTP/1.1" 404 1395 "-" "Mozilla/5.0 (compatible; Baiduspider/2.0; +http://www.baidu.com/search/spider.html)"
66.252.65.146 - - [28/Feb/2013:14:46:10 -0600] "GET /index.php/test HTTP/1.1" 200 668 "-" "Mozilla/5.0 (Windows NT 6.1; WOW64) AppleWebKit/537.22 (KHTML, like Gecko) Chrome/25.0.1364.97 Safari/537.22"
66.252.65.146 - - [28/Feb/2013:14:46:10 -0600] "GET /favicon.ico HTTP/1.1" 404 499 "-" "Mozilla/5.0 (Windows NT 6.1; WOW64) AppleWebKit/537.22 (KHTML, like Gecko) Chrome/25.0.1364.97 Safari/537.22"
66.252.65.146 - - [28/Feb/2013:14:47:07 -0600] "GET /index.php/test HTTP/1.1" 404 829 "-" "Mozilla/5.0 (Windows NT 6.1; WOW64) AppleWebKit/537.22 (KHTML, like Gecko) Chrome/25.0.1364.97 Safari/537.22"
66.252.65.146 - - [28/Feb/2013:14:47:07 -0600] "GET /favicon.ico HTTP/1.1" 404 499 "-" "Mozilla/5.0 (Windows NT 6.1; WOW64) AppleWebKit/537.22 (KHTML, like Gecko) Chrome/25.0.1364.97 Safari/537.22"
66.252.65.146 - - [28/Feb/2013:14:47:08 -0600] "GET /index.php/test HTTP/1.1" 404 828 "-" "Mozilla/5.0 (Windows NT 6.1; WOW64) AppleWebKit/537.22 (KHTML, like Gecko) Chrome/25.0.1364.97 Safari/537.22"
66.252.65.146 - - [28/Feb/2013:14:47:08 -0600] "GET /favicon.ico HTTP/1.1" 404 499 "-" "Mozilla/5.0 (Windows NT 6.1; WOW64) AppleWebKit/537.22 (KHTML, like Gecko) Chrome/25.0.1364.97 Safari/537.22"
66.252.65.146 - - [28/Feb/2013:14:47:28 -0600] "GET /index.php/test HTTP/1.1" 500 274 "-" "Mozilla/5.0 (Windows NT 6.1; WOW64) AppleWebKit/537.22 (KHTML, like Gecko) Chrome/25.0.1364.97 Safari/537.22"
66.252.65.146 - - [28/Feb/2013:14:47:28 -0600] "GET /favicon.ico HTTP/1.1" 404 500 "-" "Mozilla/5.0 (Windows NT 6.1; WOW64) AppleWebKit/537.22 (KHTML, like Gecko) Chrome/25.0.1364.97 Safari/537.22"
66.252.65.146 - - [28/Feb/2013:14:47:31 -0600] "GET /index.php/test HTTP/1.1" 500 274 "-" "Mozilla/5.0 (Windows NT 6.1; WOW64) AppleWebKit/537.22 (KHTML, like Gecko) Chrome/25.0.1364.97 Safari/537.22"
66.252.65.146 - - [28/Feb/2013:14:47:31 -0600] "GET /favicon.ico HTTP/1.1" 404 500 "-" "Mozilla/5.0 (Windows NT 6.1; WOW64) AppleWebKit/537.22 (KHTML, like Gecko) Chrome/25.0.1364.97 Safari/537.22"
66.252.65.146 - - [28/Feb/2013:14:49:23 -0600] "GET /index.php/test HTTP/1.1" 500 274 "-" "Mozilla/5.0 (Windows NT 6.1; WOW64) AppleWebKit/537.22 (KHTML, like Gecko) Chrome/25.0.1364.97 Safari/537.22"
66.252.65.146 - - [28/Feb/2013:14:49:23 -0600] "GET /favicon.ico HTTP/1.1" 404 500 "-" "Mozilla/5.0 (Windows NT 6.1; WOW64) AppleWebKit/537.22 (KHTML, like Gecko) Chrome/25.0.1364.97 Safari/537.22"
66.252.65.146 - - [28/Feb/2013:14:49:25 -0600] "GET /index.php/test HTTP/1.1" 500 274 "-" "Mozilla/5.0 (Windows NT 6.1; WOW64) AppleWebKit/537.22 (KHTML, like Gecko) Chrome/25.0.1364.97 Safari/537.22"
66.252.65.146 - - [28/Feb/2013:14:49:43 -0600] "GET /index.php/test HTTP/1.1" 500 274 "-" "Mozilla/5.0 (Windows NT 6.1; WOW64) AppleWebKit/537.22 (KHTML, like Gecko) Chrome/25.0.1364.97 Safari/537.22"
66.252.65.146 - - [28/Feb/2013:14:49:45 -0600] "GET /index.php/test HTTP/1.1" 500 274 "-" "Mozilla/5.0 (Windows NT 6.1; WOW64) AppleWebKit/537.22 (KHTML, like Gecko) Chrome/25.0.1364.97 Safari/537.22"
66.252.65.146 - - [28/Feb/2013:14:52:06 -0600] "GET /index.php/test HTTP/1.1" 500 274 "-" "Mozilla/5.0 (Windows NT 6.1; WOW64) AppleWebKit/537.22 (KHTML, like Gecko) Chrome/25.0.1364.97 Safari/537.22"
66.252.65.146 - - [28/Feb/2013:14:53:09 -0600] "GET /index.php/test HTTP/1.1" 500 969 "-" "Mozilla/5.0 (Windows NT 6.1; WOW64) AppleWebKit/537.22 (KHTML, like Gecko) Chrome/25.0.1364.97 Safari/537.22"
66.252.65.146 - - [28/Feb/2013:14:53:10 -0600] "GET /favicon.ico HTTP/1.1" 404 500 "-" "Mozilla/5.0 (Windows NT 6.1; WOW64) AppleWebKit/537.22 (KHTML, like Gecko) Chrome/25.0.1364.97 Safari/537.22"
66.252.65.146 - - [28/Feb/2013:14:53:45 -0600] "GET /index.php/test HTTP/1.1" 500 950 "-" "Mozilla/5.0 (Windows NT 6.1; WOW64) AppleWebKit/537.22 (KHTML, like Gecko) Chrome/25.0.1364.97 Safari/537.22"
66.252.65.146 - - [28/Feb/2013:14:53:45 -0600] "GET /favicon.ico HTTP/1.1" 404 500 "-" "Mozilla/5.0 (Windows NT 6.1; WOW64) AppleWebKit/537.22 (KHTML, like Gecko) Chrome/25.0.1364.97 Safari/537.22"
66.252.65.146 - - [28/Feb/2013:14:54:31 -0600] "GET /index.php/test HTTP/1.1" 200 515 "-" "Mozilla/5.0 (Windows NT 6.1; WOW64) AppleWebKit/537.22 (KHTML, like Gecko) Chrome/25.0.1364.97 Safari/537.22"
66.252.65.146 - - [28/Feb/2013:14:54:31 -0600] "GET /favicon.ico HTTP/1.1" 404 499 "-" "Mozilla/5.0 (Windows NT 6.1; WOW64) AppleWebKit/537.22 (KHTML, like Gecko) Chrome/25.0.1364.97 Safari/537.22"
66.252.65.146 - - [28/Feb/2013:14:54:34 -0600] "GET /index.php/test HTTP/1.1" 200 514 "-" "Mozilla/5.0 (Windows NT 6.1; WOW64) AppleWebKit/537.22 (KHTML, like Gecko) Chrome/25.0.1364.97 Safari/537.22"
66.252.65.146 - - [28/Feb/2013:14:54:34 -0600] "GET /favicon.ico HTTP/1.1" 404 499 "-" "Mozilla/5.0 (Windows NT 6.1; WOW64) AppleWebKit/537.22 (KHTML, like Gecko) Chrome/25.0.1364.97 Safari/537.22"
66.252.65.146 - - [28/Feb/2013:14:54:55 -0600] "GET /index.php/test HTTP/1.1" 500 274 "-" "Mozilla/5.0 (Windows NT 6.1; WOW64) AppleWebKit/537.22 (KHTML, like Gecko) Chrome/25.0.1364.97 Safari/537.22"
66.252.65.146 - - [28/Feb/2013:14:54:55 -0600] "GET /favicon.ico HTTP/1.1" 404 500 "-" "Mozilla/5.0 (Windows NT 6.1; WOW64) AppleWebKit/537.22 (KHTML, like Gecko) Chrome/25.0.1364.97 Safari/537.22"
66.252.65.146 - - [28/Feb/2013:14:54:56 -0600] "GET /index.php/test HTTP/1.1" 500 274 "-" "Mozilla/5.0 (Windows NT 6.1; WOW64) AppleWebKit/537.22 (KHTML, like Gecko) Chrome/25.0.1364.97 Safari/537.22"
66.252.65.146 - - [28/Feb/2013:14:54:56 -0600] "GET /favicon.ico HTTP/1.1" 404 500 "-" "Mozilla/5.0 (Windows NT 6.1; WOW64) AppleWebKit/537.22 (KHTML, like Gecko) Chrome/25.0.1364.97 Safari/537.22"
66.252.65.146 - - [28/Feb/2013:14:55:54 -0600] "GET /index.php/test HTTP/1.1" 500 274 "-" "Mozilla/5.0 (Windows NT 6.1; WOW64) AppleWebKit/537.22 (KHTML, like Gecko) Chrome/25.0.1364.97 Safari/537.22"
66.252.65.146 - - [28/Feb/2013:14:55:54 -0600] "GET /favicon.ico HTTP/1.1" 404 500 "-" "Mozilla/5.0 (Windows NT 6.1; WOW64) AppleWebKit/537.22 (KHTML, like Gecko) Chrome/25.0.1364.97 Safari/537.22"
66.252.65.146 - - [28/Feb/2013:14:56:35 -0600] "GET /index.php/test HTTP/1.1" 500 274 "-" "Mozilla/5.0 (Windows NT 6.1; WOW64) AppleWebKit/537.22 (KHTML, like Gecko) Chrome/25.0.1364.97 Safari/537.22"
66.252.65.146 - - [28/Feb/2013:14:56:35 -0600] "GET /favicon.ico HTTP/1.1" 404 500 "-" "Mozilla/5.0 (Windows NT 6.1; WOW64) AppleWebKit/537.22 (KHTML, like Gecko) Chrome/25.0.1364.97 Safari/537.22"
220.181.108.180 - - [28/Feb/2013:15:42:19 -0600] "GET / HTTP/1.1" 500 1468 "-" "Mozilla/5.0 (compatible; Baiduspider/2.0; +http://www.baidu.com/search/spider.html)"
66.252.65.146 - - [28/Feb/2013:15:43:38 -0600] "GET /index.php/home HTTP/1.1" 500 274 "-" "Mozilla/5.0 (Windows NT 6.1; WOW64) AppleWebKit/537.22 (KHTML, like Gecko) Chrome/25.0.1364.97 Safari/537.22"
66.252.65.146 - - [28/Feb/2013:15:43:39 -0600] "GET /index.php/test HTTP/1.1" 500 274 "-" "Mozilla/5.0 (Windows NT 6.1; WOW64) AppleWebKit/537.22 (KHTML, like Gecko) Chrome/25.0.1364.97 Safari/537.22"
123.125.71.82 - - [28/Feb/2013:15:44:37 -0600] "GET / HTTP/1.1" 500 1468 "-" "Mozilla/5.0 (compatible; Baiduspider/2.0; +http://www.baidu.com/search/spider.html)"
66.252.65.146 - - [28/Feb/2013:15:47:20 -0600] "GET /index.php/test HTTP/1.1" 500 274 "-" "Mozilla/5.0 (Windows NT 6.1; WOW64) AppleWebKit/537.22 (KHTML, like Gecko) Chrome/25.0.1364.97 Safari/537.22"
66.252.65.146 - - [28/Feb/2013:15:47:20 -0600] "GET /favicon.ico HTTP/1.1" 404 500 "-" "Mozilla/5.0 (Windows NT 6.1; WOW64) AppleWebKit/537.22 (KHTML, like Gecko) Chrome/25.0.1364.97 Safari/537.22"
66.252.65.146 - - [28/Feb/2013:15:47:56 -0600] "GET /index.php/test HTTP/1.1" 500 274 "-" "Mozilla/5.0 (Windows NT 6.1; WOW64) AppleWebKit/537.22 (KHTML, like Gecko) Chrome/25.0.1364.97 Safari/537.22"
66.252.65.146 - - [28/Feb/2013:15:47:56 -0600] "GET /favicon.ico HTTP/1.1" 404 500 "-" "Mozilla/5.0 (Windows NT 6.1; WOW64) AppleWebKit/537.22 (KHTML, like Gecko) Chrome/25.0.1364.97 Safari/537.22"
66.252.65.146 - - [28/Feb/2013:15:50:26 -0600] "GET /index.php/test HTTP/1.1" 500 274 "-" "Mozilla/5.0 (Windows NT 6.1; WOW64) AppleWebKit/537.22 (KHTML, like Gecko) Chrome/25.0.1364.97 Safari/537.22"
