207.181.235.233 - - [22/Feb/2013:23:12:03 -0600] "GET / HTTP/1.1" 404 497 "-" "Mozilla/5.0 (Windows NT 6.1; WOW64) AppleWebKit/537.17 (KHTML, like Gecko) Chrome/24.0.1312.57 Safari/537.17"
207.181.235.233 - - [22/Feb/2013:23:12:03 -0600] "GET /favicon.ico HTTP/1.1" 404 503 "-" "Mozilla/5.0 (Windows NT 6.1; WOW64) AppleWebKit/537.17 (KHTML, like Gecko) Chrome/24.0.1312.57 Safari/537.17"
207.181.235.233 - - [22/Feb/2013:23:12:29 -0600] "GET / HTTP/1.1" 404 497 "-" "Mozilla/5.0 (Windows NT 6.1; WOW64) AppleWebKit/537.17 (KHTML, like Gecko) Chrome/24.0.1312.57 Safari/537.17"
207.181.235.233 - - [22/Feb/2013:23:12:29 -0600] "GET /favicon.ico HTTP/1.1" 404 503 "-" "Mozilla/5.0 (Windows NT 6.1; WOW64) AppleWebKit/537.17 (KHTML, like Gecko) Chrome/24.0.1312.57 Safari/537.17"
207.181.235.233 - - [22/Feb/2013:23:18:41 -0600] "GET /public HTTP/1.1" 404 501 "-" "Mozilla/5.0 (Windows NT 6.1; WOW64) AppleWebKit/537.17 (KHTML, like Gecko) Chrome/24.0.1312.57 Safari/537.17"
207.181.235.233 - - [22/Feb/2013:23:18:41 -0600] "GET /favicon.ico HTTP/1.1" 404 503 "-" "Mozilla/5.0 (Windows NT 6.1; WOW64) AppleWebKit/537.17 (KHTML, like Gecko) Chrome/24.0.1312.57 Safari/537.17"
207.181.235.233 - - [22/Feb/2013:23:20:36 -0600] "GET / HTTP/1.1" 404 497 "-" "Mozilla/5.0 (Windows NT 6.1; WOW64) AppleWebKit/537.17 (KHTML, like Gecko) Chrome/24.0.1312.57 Safari/537.17"
207.181.235.233 - - [22/Feb/2013:23:20:36 -0600] "GET /favicon.ico HTTP/1.1" 404 503 "-" "Mozilla/5.0 (Windows NT 6.1; WOW64) AppleWebKit/537.17 (KHTML, like Gecko) Chrome/24.0.1312.57 Safari/537.17"
207.181.235.233 - - [22/Feb/2013:23:20:49 -0600] "GET /public/keydb.net/public/test.html HTTP/1.1" 404 514 "-" "Mozilla/5.0 (Windows NT 6.1; WOW64) AppleWebKit/537.17 (KHTML, like Gecko) Chrome/24.0.1312.57 Safari/537.17"
207.181.235.233 - - [22/Feb/2013:23:20:49 -0600] "GET /favicon.ico HTTP/1.1" 404 503 "-" "Mozilla/5.0 (Windows NT 6.1; WOW64) AppleWebKit/537.17 (KHTML, like Gecko) Chrome/24.0.1312.57 Safari/537.17"
74.125.186.147 - - [22/Feb/2013:23:21:04 -0600] "GET /public/keydb.net/public/test.html HTTP/1.1" 404 458 "-" "Mozilla/5.0 (X11; U; Linux x86_64; en-US) AppleWebKit/532.9 (KHTML, like Gecko) Chrome/5.0.307.11 Safari/532.9"
207.181.235.233 - - [22/Feb/2013:23:26:02 -0600] "GET / HTTP/1.1" 200 660 "-" "Mozilla/5.0 (Windows NT 6.1; WOW64) AppleWebKit/537.17 (KHTML, like Gecko) Chrome/24.0.1312.57 Safari/537.17"
207.181.235.233 - - [22/Feb/2013:23:26:02 -0600] "GET /icons/text.gif HTTP/1.1" 200 519 "http://keydb.net/" "Mozilla/5.0 (Windows NT 6.1; WOW64) AppleWebKit/537.17 (KHTML, like Gecko) Chrome/24.0.1312.57 Safari/537.17"
207.181.235.233 - - [22/Feb/2013:23:26:02 -0600] "GET /icons/blank.gif HTTP/1.1" 200 437 "http://keydb.net/" "Mozilla/5.0 (Windows NT 6.1; WOW64) AppleWebKit/537.17 (KHTML, like Gecko) Chrome/24.0.1312.57 Safari/537.17"
207.181.235.233 - - [22/Feb/2013:23:26:08 -0600] "GET /test.html.txt HTTP/1.1" 200 397 "http://keydb.net/" "Mozilla/5.0 (Windows NT 6.1; WOW64) AppleWebKit/537.17 (KHTML, like Gecko) Chrome/24.0.1312.57 Safari/537.17"
::1 - - [22/Feb/2013:23:26:25 -0600] "OPTIONS * HTTP/1.0" 200 126 "-" "Apache/2.2.22 (Ubuntu) (internal dummy connection)"
::1 - - [22/Feb/2013:23:26:26 -0600] "OPTIONS * HTTP/1.0" 200 126 "-" "Apache/2.2.22 (Ubuntu) (internal dummy connection)"
207.181.235.233 - - [22/Feb/2013:23:27:15 -0600] "GET / HTTP/1.1" 200 678 "-" "Mozilla/5.0 (Windows NT 6.1; WOW64) AppleWebKit/537.17 (KHTML, like Gecko) Chrome/24.0.1312.57 Safari/537.17"
207.181.235.233 - - [22/Feb/2013:23:27:17 -0600] "GET /test.html.txt HTTP/1.1" 304 208 "http://keydb.net/" "Mozilla/5.0 (Windows NT 6.1; WOW64) AppleWebKit/537.17 (KHTML, like Gecko) Chrome/24.0.1312.57 Safari/537.17"
207.181.235.233 - - [22/Feb/2013:23:29:15 -0600] "GET / HTTP/1.1" 200 397 "-" "Mozilla/5.0 (Windows NT 6.1; WOW64) AppleWebKit/537.17 (KHTML, like Gecko) Chrome/24.0.1312.57 Safari/537.17"
74.202.255.243 - - [23/Feb/2013:00:43:38 -0600] "GET / HTTP/1.1" 200 397 "-" "Mozilla/5.0 (X11; Linux i686; rv:6.0.2) (mv3BeLOQ/zt8udFK440ADU9Ch/0I0CRo+LsW7Fjt/Q8=) Gecko/20100101 Firefox/6.0.2"
74.202.255.243 - - [23/Feb/2013:00:43:39 -0600] "GET /favicon.ico HTTP/1.1" 404 499 "-" "Mozilla/5.0 (X11; Linux i686; rv:6.0.2) (mv3BeLOQ/zt8udFK440ADU9Ch/0I0CRo+LsW7Fjt/Q8=) Gecko/20100101 Firefox/6.0.2"
74.202.255.243 - - [23/Feb/2013:00:43:41 -0600] "GET /favicon.ico HTTP/1.1" 404 499 "-" "Mozilla/5.0 (X11; Linux i686; rv:6.0.2) (mv3BeLOQ/zt8udFK440ADU9Ch/0I0CRo+LsW7Fjt/Q8=) Gecko/20100101 Firefox/6.0.2"
123.125.71.110 - - [23/Feb/2013:02:53:55 -0600] "GET /robots.txt HTTP/1.1" 404 462 "-" "Mozilla/5.0 (Windows NT 5.1; rv:6.0.2) Gecko/20100101 Firefox/6.0.2"
203.148.41.42 - - [23/Feb/2013:05:46:50 -0600] "HEAD /manager/status HTTP/1.1" 404 219 "-" "Java/1.6.0_35"
77.245.154.94 - - [23/Feb/2013:07:24:59 -0600] "GET /myadmin/scripts/setup.php HTTP/1.1" 404 482 "http://KEYDB.NET/myadmin/scripts/setup.php" "Mozilla/4.0 (compatible; MSIE 8.0; Windows NT 5.1; SV1; .NET CLR 2.0.50727)"
65.111.177.188 - - [23/Feb/2013:11:13:36 -0600] "GET / HTTP/1.1" 200 378 "-" "Mozilla/5.0 (Windows NT 5.1) AppleWebKit/535.11 (KHTML, like Gecko) Chrome/17.0.963.56 Safari/535.11"
65.111.177.188 - - [23/Feb/2013:11:13:36 -0600] "GET / HTTP/1.1" 200 322 "-" "Mozilla/5.0 (Windows NT 5.1) AppleWebKit/535.11 (KHTML, like Gecko) Chrome/17.0.963.56 Safari/535.11"
65.111.177.188 - - [23/Feb/2013:11:13:37 -0600] "GET / HTTP/1.1" 200 322 "-" "Mozilla/5.0 (Windows NT 5.1) AppleWebKit/535.11 (KHTML, like Gecko) Chrome/17.0.963.56 Safari/535.11"
65.111.177.188 - - [23/Feb/2013:11:13:37 -0600] "GET / HTTP/1.1" 200 322 "-" "Mozilla/5.0 (Windows NT 5.1) AppleWebKit/535.11 (KHTML, like Gecko) Chrome/17.0.963.56 Safari/535.11"
66.193.171.249 - - [23/Feb/2013:11:15:21 -0600] "GET /user/soapCaller.bs HTTP/1.1" 404 470 "-" "Morfeus Fucking Scanner"
65.111.177.188 - - [23/Feb/2013:13:32:31 -0600] "GET / HTTP/1.1" 200 378 "-" "Mozilla/5.0 (Windows NT 5.1) AppleWebKit/535.11 (KHTML, like Gecko) Chrome/17.0.963.56 Safari/535.11"
65.111.177.188 - - [23/Feb/2013:13:32:31 -0600] "GET / HTTP/1.1" 200 322 "-" "Mozilla/5.0 (Windows NT 5.1) AppleWebKit/535.11 (KHTML, like Gecko) Chrome/17.0.963.56 Safari/535.11"
65.111.177.188 - - [23/Feb/2013:13:32:31 -0600] "GET / HTTP/1.1" 200 322 "-" "Mozilla/5.0 (Windows NT 5.1) AppleWebKit/535.11 (KHTML, like Gecko) Chrome/17.0.963.56 Safari/535.11"
65.111.177.188 - - [23/Feb/2013:13:32:31 -0600] "GET / HTTP/1.1" 200 322 "-" "Mozilla/5.0 (Windows NT 5.1) AppleWebKit/535.11 (KHTML, like Gecko) Chrome/17.0.963.56 Safari/535.11"
123.125.71.114 - - [23/Feb/2013:13:32:59 -0600] "GET / HTTP/1.1" 200 360 "-" "Mozilla/5.0 (compatible; Baiduspider/2.0; +http://www.baidu.com/search/spider.html)"
157.55.32.184 - - [23/Feb/2013:14:17:26 -0600] "GET /robots.txt HTTP/1.1" 404 527 "-" "Mozilla/5.0 (compatible; bingbot/2.0; +http://www.bing.com/bingbot.htm)"
157.55.32.184 - - [23/Feb/2013:14:19:26 -0600] "GET /search.cgi?d=keydb.net&id=&k=%E8%BB%8A%E8%B2%B7%E5%8F%96&ap= HTTP/1.1" 404 503 "-" "Mozilla/5.0 (compatible; bingbot/2.0; +http://www.bing.com/bingbot.htm)"
123.125.71.73 - - [23/Feb/2013:15:44:58 -0600] "GET /cgi-bin/ HTTP/1.1" 404 462 "-" "Mozilla/5.0 (compatible; Baiduspider/2.0; +http://www.baidu.com/search/spider.html)"
98.228.98.167 - - [23/Feb/2013:18:37:15 -0600] "GET / HTTP/1.1" 200 397 "-" "Mozilla/5.0 (Windows NT 6.1; WOW64) AppleWebKit/537.22 (KHTML, like Gecko) Chrome/25.0.1364.97 Safari/537.22"
98.228.98.167 - - [23/Feb/2013:18:37:16 -0600] "GET /favicon.ico HTTP/1.1" 404 499 "-" "Mozilla/5.0 (Windows NT 6.1; WOW64) AppleWebKit/537.22 (KHTML, like Gecko) Chrome/25.0.1364.97 Safari/537.22"
110.142.154.236 - - [23/Feb/2013:20:46:54 -0600] "HEAD /manager/status HTTP/1.1" 404 219 "-" "Java/1.6.0_22"
117.135.139.36 - - [23/Feb/2013:21:55:31 -0600] "HEAD /manager/html HTTP/1.0" 404 182 "-" "-"
198.186.192.44 - - [23/Feb/2013:22:46:16 -0600] "GET / HTTP/1.1" 200 341 "-" "-"
220.181.108.180 - - [23/Feb/2013:23:44:37 -0600] "GET / HTTP/1.1" 200 341 "-" "Mozilla/5.0 (compatible; Baiduspider/2.0; +http://www.baidu.com/search/spider.html)"
123.125.71.116 - - [23/Feb/2013:23:45:06 -0600] "GET / HTTP/1.1" 200 341 "-" "Mozilla/5.0 (compatible; Baiduspider/2.0; +http://www.baidu.com/search/spider.html)"
::1 - - [24/Feb/2013:00:36:59 -0600] "OPTIONS * HTTP/1.0" 200 126 "-" "Apache/2.2.22 (Ubuntu) (internal dummy connection)"
::1 - - [24/Feb/2013:00:36:59 -0600] "OPTIONS * HTTP/1.0" 200 126 "-" "Apache/2.2.22 (Ubuntu) (internal dummy connection)"
::1 - - [24/Feb/2013:00:36:59 -0600] "OPTIONS * HTTP/1.0" 200 126 "-" "Apache/2.2.22 (Ubuntu) (internal dummy connection)"
::1 - - [24/Feb/2013:00:36:59 -0600] "OPTIONS * HTTP/1.0" 200 126 "-" "Apache/2.2.22 (Ubuntu) (internal dummy connection)"
::1 - - [24/Feb/2013:00:36:59 -0600] "OPTIONS * HTTP/1.0" 200 126 "-" "Apache/2.2.22 (Ubuntu) (internal dummy connection)"
::1 - - [24/Feb/2013:00:36:59 -0600] "OPTIONS * HTTP/1.0" 200 126 "-" "Apache/2.2.22 (Ubuntu) (internal dummy connection)"
::1 - - [24/Feb/2013:00:36:59 -0600] "OPTIONS * HTTP/1.0" 200 126 "-" "Apache/2.2.22 (Ubuntu) (internal dummy connection)"
::1 - - [24/Feb/2013:00:36:59 -0600] "OPTIONS * HTTP/1.0" 200 126 "-" "Apache/2.2.22 (Ubuntu) (internal dummy connection)"
220.181.108.156 - - [24/Feb/2013:00:43:30 -0600] "GET / HTTP/1.1" 200 341 "-" "Mozilla/5.0 (compatible; Baiduspider/2.0; +http://www.baidu.com/search/spider.html)"
123.125.71.94 - - [24/Feb/2013:00:53:17 -0600] "GET / HTTP/1.1" 200 341 "-" "Mozilla/5.0 (compatible; Baiduspider/2.0; +http://www.baidu.com/search/spider.html)"
220.181.108.79 - - [24/Feb/2013:01:43:22 -0600] "GET / HTTP/1.1" 200 341 "-" "Mozilla/5.0 (compatible; Baiduspider/2.0; +http://www.baidu.com/search/spider.html)"
123.125.71.78 - - [24/Feb/2013:01:52:15 -0600] "GET / HTTP/1.1" 200 341 "-" "Mozilla/5.0 (compatible; Baiduspider/2.0; +http://www.baidu.com/search/spider.html)"
123.125.71.17 - - [24/Feb/2013:02:31:44 -0600] "GET / HTTP/1.1" 200 360 "-" "Mozilla/5.0 (compatible; Baiduspider/2.0; +http://www.baidu.com/search/spider.html)"
114.247.50.2 - - [24/Feb/2013:02:32:15 -0600] "HEAD /manager/html HTTP/1.0" 404 182 "-" "-"
123.125.71.87 - - [24/Feb/2013:02:42:23 -0600] "GET / HTTP/1.1" 200 341 "-" "Mozilla/5.0 (compatible; Baiduspider/2.0; +http://www.baidu.com/search/spider.html)"
220.181.108.160 - - [24/Feb/2013:02:42:31 -0600] "GET / HTTP/1.1" 200 341 "-" "Mozilla/5.0 (compatible; Baiduspider/2.0; +http://www.baidu.com/search/spider.html)"
220.181.108.159 - - [24/Feb/2013:03:59:49 -0600] "GET / HTTP/1.1" 200 341 "-" "Mozilla/5.0 (compatible; Baiduspider/2.0; +http://www.baidu.com/search/spider.html)"
123.125.71.113 - - [24/Feb/2013:04:02:48 -0600] "GET / HTTP/1.1" 200 341 "-" "Mozilla/5.0 (compatible; Baiduspider/2.0; +http://www.baidu.com/search/spider.html)"
123.125.71.88 - - [24/Feb/2013:05:43:32 -0600] "GET / HTTP/1.1" 200 341 "-" "Mozilla/5.0 (compatible; Baiduspider/2.0; +http://www.baidu.com/search/spider.html)"
220.181.108.175 - - [24/Feb/2013:05:43:50 -0600] "GET / HTTP/1.1" 200 341 "-" "Mozilla/5.0 (compatible; Baiduspider/2.0; +http://www.baidu.com/search/spider.html)"
123.125.71.83 - - [24/Feb/2013:06:41:35 -0600] "GET / HTTP/1.1" 200 341 "-" "Mozilla/5.0 (compatible; Baiduspider/2.0; +http://www.baidu.com/search/spider.html)"
220.181.108.141 - - [24/Feb/2013:06:42:32 -0600] "GET / HTTP/1.1" 200 341 "-" "Mozilla/5.0 (compatible; Baiduspider/2.0; +http://www.baidu.com/search/spider.html)"
125.161.65.65 - - [24/Feb/2013:07:02:16 -0600] "GET / HTTP/1.1" 200 397 "-" "Mozilla/5.0 (Windows NT 5.1; rv:18.0) Gecko/20100101 Firefox/18.0"
125.161.65.65 - - [24/Feb/2013:07:02:16 -0600] "GET /favicon.ico HTTP/1.1" 404 499 "-" "Mozilla/5.0 (Windows NT 5.1; rv:18.0) Gecko/20100101 Firefox/18.0"
125.161.65.65 - - [24/Feb/2013:07:02:17 -0600] "GET /favicon.ico HTTP/1.1" 404 499 "-" "Mozilla/5.0 (Windows NT 5.1; rv:18.0) Gecko/20100101 Firefox/18.0"
123.125.71.73 - - [24/Feb/2013:07:42:55 -0600] "GET / HTTP/1.1" 200 341 "-" "Mozilla/5.0 (compatible; Baiduspider/2.0; +http://www.baidu.com/search/spider.html)"
220.181.108.151 - - [24/Feb/2013:07:43:57 -0600] "GET / HTTP/1.1" 200 341 "-" "Mozilla/5.0 (compatible; Baiduspider/2.0; +http://www.baidu.com/search/spider.html)"
65.111.177.188 - - [24/Feb/2013:08:32:39 -0600] "GET / HTTP/1.1" 200 378 "-" "Mozilla/5.0 (Windows NT 5.1) AppleWebKit/535.11 (KHTML, like Gecko) Chrome/17.0.963.56 Safari/535.11"
65.111.177.188 - - [24/Feb/2013:08:32:39 -0600] "GET / HTTP/1.1" 200 322 "-" "Mozilla/5.0 (Windows NT 5.1) AppleWebKit/535.11 (KHTML, like Gecko) Chrome/17.0.963.56 Safari/535.11"
65.111.177.188 - - [24/Feb/2013:08:32:39 -0600] "GET / HTTP/1.1" 200 322 "-" "Mozilla/5.0 (Windows NT 5.1) AppleWebKit/535.11 (KHTML, like Gecko) Chrome/17.0.963.56 Safari/535.11"
65.111.177.188 - - [24/Feb/2013:08:32:39 -0600] "GET / HTTP/1.1" 200 322 "-" "Mozilla/5.0 (Windows NT 5.1) AppleWebKit/535.11 (KHTML, like Gecko) Chrome/17.0.963.56 Safari/535.11"
123.125.71.107 - - [24/Feb/2013:08:42:49 -0600] "GET / HTTP/1.1" 200 341 "-" "Mozilla/5.0 (compatible; Baiduspider/2.0; +http://www.baidu.com/search/spider.html)"
220.181.108.139 - - [24/Feb/2013:08:43:50 -0600] "GET / HTTP/1.1" 200 341 "-" "Mozilla/5.0 (compatible; Baiduspider/2.0; +http://www.baidu.com/search/spider.html)"
123.125.71.106 - - [24/Feb/2013:09:44:18 -0600] "GET / HTTP/1.1" 200 341 "-" "Mozilla/5.0 (compatible; Baiduspider/2.0; +http://www.baidu.com/search/spider.html)"
220.181.108.166 - - [24/Feb/2013:09:45:20 -0600] "GET / HTTP/1.1" 200 341 "-" "Mozilla/5.0 (compatible; Baiduspider/2.0; +http://www.baidu.com/search/spider.html)"
123.125.71.104 - - [24/Feb/2013:10:52:54 -0600] "GET / HTTP/1.1" 200 341 "-" "Mozilla/5.0 (compatible; Baiduspider/2.0; +http://www.baidu.com/search/spider.html)"
220.181.108.161 - - [24/Feb/2013:10:54:08 -0600] "GET / HTTP/1.1" 200 341 "-" "Mozilla/5.0 (compatible; Baiduspider/2.0; +http://www.baidu.com/search/spider.html)"
123.125.71.85 - - [24/Feb/2013:11:45:54 -0600] "GET / HTTP/1.1" 200 341 "-" "Mozilla/5.0 (compatible; Baiduspider/2.0; +http://www.baidu.com/search/spider.html)"
220.181.108.166 - - [24/Feb/2013:11:46:56 -0600] "GET / HTTP/1.1" 200 341 "-" "Mozilla/5.0 (compatible; Baiduspider/2.0; +http://www.baidu.com/search/spider.html)"
123.125.71.39 - - [24/Feb/2013:11:57:53 -0600] "GET /robots.txt HTTP/1.1" 404 462 "-" "Mozilla/5.0 (Windows NT 5.1; rv:6.0.2) Gecko/20100101 Firefox/6.0.2"
123.125.71.102 - - [24/Feb/2013:12:42:22 -0600] "GET / HTTP/1.1" 200 341 "-" "Mozilla/5.0 (compatible; Baiduspider/2.0; +http://www.baidu.com/search/spider.html)"
220.181.108.177 - - [24/Feb/2013:12:43:20 -0600] "GET / HTTP/1.1" 200 341 "-" "Mozilla/5.0 (compatible; Baiduspider/2.0; +http://www.baidu.com/search/spider.html)"
123.125.71.99 - - [24/Feb/2013:13:41:14 -0600] "GET / HTTP/1.1" 200 341 "-" "Mozilla/5.0 (compatible; Baiduspider/2.0; +http://www.baidu.com/search/spider.html)"
220.181.108.165 - - [24/Feb/2013:13:42:11 -0600] "GET / HTTP/1.1" 200 341 "-" "Mozilla/5.0 (compatible; Baiduspider/2.0; +http://www.baidu.com/search/spider.html)"
123.125.71.21 - - [24/Feb/2013:13:47:03 -0600] "GET /cgi-bin/ HTTP/1.1" 404 462 "-" "Mozilla/5.0 (compatible; Baiduspider/2.0; +http://www.baidu.com/search/spider.html)"
123.125.71.83 - - [24/Feb/2013:14:41:58 -0600] "GET / HTTP/1.1" 200 341 "-" "Mozilla/5.0 (compatible; Baiduspider/2.0; +http://www.baidu.com/search/spider.html)"
220.181.108.163 - - [24/Feb/2013:14:42:48 -0600] "GET / HTTP/1.1" 200 341 "-" "Mozilla/5.0 (compatible; Baiduspider/2.0; +http://www.baidu.com/search/spider.html)"
208.109.104.119 - - [24/Feb/2013:16:36:03 -0600] "GET /w00tw00t.at.blackhats.romanian.anti-sec:) HTTP/1.1" 404 489 "-" "ZmEu"
208.109.104.119 - - [24/Feb/2013:16:36:04 -0600] "GET /phpMyAdmin/scripts/setup.php HTTP/1.1" 404 479 "-" "ZmEu"
208.109.104.119 - - [24/Feb/2013:16:36:04 -0600] "GET /phpmyadmin/scripts/setup.php HTTP/1.1" 404 478 "-" "ZmEu"
208.109.104.119 - - [24/Feb/2013:16:36:04 -0600] "GET /pma/scripts/setup.php HTTP/1.1" 404 473 "-" "ZmEu"
208.109.104.119 - - [24/Feb/2013:16:36:05 -0600] "GET /myadmin/scripts/setup.php HTTP/1.1" 404 477 "-" "ZmEu"
208.109.104.119 - - [24/Feb/2013:16:36:05 -0600] "GET /MyAdmin/scripts/setup.php HTTP/1.1" 404 477 "-" "ZmEu"
123.125.71.102 - - [24/Feb/2013:16:41:49 -0600] "GET / HTTP/1.1" 200 341 "-" "Mozilla/5.0 (compatible; Baiduspider/2.0; +http://www.baidu.com/search/spider.html)"
220.181.108.144 - - [24/Feb/2013:16:42:45 -0600] "GET / HTTP/1.1" 200 341 "-" "Mozilla/5.0 (compatible; Baiduspider/2.0; +http://www.baidu.com/search/spider.html)"
123.125.71.102 - - [24/Feb/2013:17:42:43 -0600] "GET / HTTP/1.1" 200 341 "-" "Mozilla/5.0 (compatible; Baiduspider/2.0; +http://www.baidu.com/search/spider.html)"
220.181.108.150 - - [24/Feb/2013:17:43:43 -0600] "GET / HTTP/1.1" 200 341 "-" "Mozilla/5.0 (compatible; Baiduspider/2.0; +http://www.baidu.com/search/spider.html)"
65.111.177.188 - - [24/Feb/2013:17:58:44 -0600] "GET / HTTP/1.1" 200 378 "-" "Mozilla/5.0 (Windows NT 5.1) AppleWebKit/535.11 (KHTML, like Gecko) Chrome/17.0.963.56 Safari/535.11"
65.111.177.188 - - [24/Feb/2013:17:58:44 -0600] "GET / HTTP/1.1" 200 322 "-" "Mozilla/5.0 (Windows NT 5.1) AppleWebKit/535.11 (KHTML, like Gecko) Chrome/17.0.963.56 Safari/535.11"
65.111.177.188 - - [24/Feb/2013:17:58:44 -0600] "GET / HTTP/1.1" 200 322 "-" "Mozilla/5.0 (Windows NT 5.1) AppleWebKit/535.11 (KHTML, like Gecko) Chrome/17.0.963.56 Safari/535.11"
65.111.177.188 - - [24/Feb/2013:17:58:44 -0600] "GET / HTTP/1.1" 200 322 "-" "Mozilla/5.0 (Windows NT 5.1) AppleWebKit/535.11 (KHTML, like Gecko) Chrome/17.0.963.56 Safari/535.11"
98.228.98.167 - - [24/Feb/2013:18:31:20 -0600] "GET / HTTP/1.1" 304 209 "-" "Mozilla/5.0 (Windows NT 6.1; WOW64) AppleWebKit/537.22 (KHTML, like Gecko) Chrome/25.0.1364.97 Safari/537.22"
98.228.98.167 - - [24/Feb/2013:18:31:22 -0600] "GET /favicon.ico HTTP/1.1" 404 499 "-" "Mozilla/5.0 (Windows NT 6.1; WOW64) AppleWebKit/537.22 (KHTML, like Gecko) Chrome/25.0.1364.97 Safari/537.22"
98.228.98.167 - - [24/Feb/2013:18:32:34 -0600] "GET / HTTP/1.1" 200 1159 "-" "Mozilla/5.0 (Windows NT 6.1; WOW64) AppleWebKit/537.22 (KHTML, like Gecko) Chrome/25.0.1364.97 Safari/537.22"
98.228.98.167 - - [24/Feb/2013:18:32:35 -0600] "GET /favicon.ico HTTP/1.1" 404 499 "-" "Mozilla/5.0 (Windows NT 6.1; WOW64) AppleWebKit/537.22 (KHTML, like Gecko) Chrome/25.0.1364.97 Safari/537.22"
123.125.71.79 - - [24/Feb/2013:18:41:08 -0600] "GET / HTTP/1.1" 200 2138 "-" "Mozilla/5.0 (compatible; Baiduspider/2.0; +http://www.baidu.com/search/spider.html)"
220.181.108.170 - - [24/Feb/2013:18:42:04 -0600] "GET / HTTP/1.1" 200 2138 "-" "Mozilla/5.0 (compatible; Baiduspider/2.0; +http://www.baidu.com/search/spider.html)"
98.228.98.167 - - [24/Feb/2013:18:51:07 -0600] "GET / HTTP/1.1" 200 1160 "-" "Mozilla/5.0 (Windows NT 6.1; WOW64) AppleWebKit/537.22 (KHTML, like Gecko) Chrome/25.0.1364.97 Safari/537.22"
98.228.98.167 - - [24/Feb/2013:18:51:07 -0600] "GET /favicon.ico HTTP/1.1" 404 499 "-" "Mozilla/5.0 (Windows NT 6.1; WOW64) AppleWebKit/537.22 (KHTML, like Gecko) Chrome/25.0.1364.97 Safari/537.22"
107.22.18.221 - - [24/Feb/2013:19:28:32 -0600] "GET /robots.txt HTTP/1.0" 404 462 "-" "Mozilla/5.0/Nutch-1.1 (Windows; U; Windows NT 5.1; en-US; rv:1.9.2.13)"
107.22.18.221 - - [24/Feb/2013:19:28:32 -0600] "GET / HTTP/1.0" 200 1122 "-" "Mozilla/5.0/Nutch-1.1 (Windows; U; Windows NT 5.1; en-US; rv:1.9.2.13)"
123.125.71.83 - - [24/Feb/2013:19:43:21 -0600] "GET / HTTP/1.1" 200 2138 "-" "Mozilla/5.0 (compatible; Baiduspider/2.0; +http://www.baidu.com/search/spider.html)"
220.181.108.170 - - [24/Feb/2013:19:44:11 -0600] "GET / HTTP/1.1" 200 2138 "-" "Mozilla/5.0 (compatible; Baiduspider/2.0; +http://www.baidu.com/search/spider.html)"
123.125.71.111 - - [24/Feb/2013:20:43:44 -0600] "GET / HTTP/1.1" 200 2138 "-" "Mozilla/5.0 (compatible; Baiduspider/2.0; +http://www.baidu.com/search/spider.html)"
220.181.108.160 - - [24/Feb/2013:20:44:43 -0600] "GET / HTTP/1.1" 200 2138 "-" "Mozilla/5.0 (compatible; Baiduspider/2.0; +http://www.baidu.com/search/spider.html)"
123.125.71.100 - - [24/Feb/2013:21:41:46 -0600] "GET / HTTP/1.1" 200 2138 "-" "Mozilla/5.0 (compatible; Baiduspider/2.0; +http://www.baidu.com/search/spider.html)"
220.181.108.157 - - [24/Feb/2013:21:42:45 -0600] "GET / HTTP/1.1" 200 2138 "-" "Mozilla/5.0 (compatible; Baiduspider/2.0; +http://www.baidu.com/search/spider.html)"
198.186.192.44 - - [24/Feb/2013:22:37:19 -0600] "GET / HTTP/1.1" 200 2138 "-" "-"
123.125.71.106 - - [24/Feb/2013:22:41:10 -0600] "GET / HTTP/1.1" 200 2138 "-" "Mozilla/5.0 (compatible; Baiduspider/2.0; +http://www.baidu.com/search/spider.html)"
220.181.108.155 - - [24/Feb/2013:22:42:07 -0600] "GET / HTTP/1.1" 200 2138 "-" "Mozilla/5.0 (compatible; Baiduspider/2.0; +http://www.baidu.com/search/spider.html)"
66.249.73.212 - - [24/Feb/2013:23:37:07 -0600] "GET /robots.txt HTTP/1.1" 404 499 "-" "Mozilla/5.0 (compatible; Googlebot/2.1; +http://www.google.com/bot.html)"
66.249.73.212 - - [24/Feb/2013:23:37:07 -0600] "GET / HTTP/1.1" 200 1158 "-" "Mozilla/5.0 (compatible; Googlebot/2.1; +http://www.google.com/bot.html)"
123.125.71.111 - - [24/Feb/2013:23:40:33 -0600] "GET / HTTP/1.1" 200 2138 "-" "Mozilla/5.0 (compatible; Baiduspider/2.0; +http://www.baidu.com/search/spider.html)"
220.181.108.155 - - [24/Feb/2013:23:41:30 -0600] "GET / HTTP/1.1" 200 2138 "-" "Mozilla/5.0 (compatible; Baiduspider/2.0; +http://www.baidu.com/search/spider.html)"
66.249.73.212 - - [24/Feb/2013:23:43:10 -0600] "GET /user_guide/ HTTP/1.1" 200 2100 "-" "Mozilla/5.0 (compatible; Googlebot/2.1; +http://www.google.com/bot.html)"
66.249.73.212 - - [24/Feb/2013:23:52:51 -0600] "GET /user_guide/toc.html HTTP/1.1" 200 2974 "-" "Mozilla/5.0 (compatible; Googlebot/2.1; +http://www.google.com/bot.html)"
66.249.73.212 - - [25/Feb/2013:00:02:51 -0600] "GET /user_guide/index.html HTTP/1.1" 200 2100 "-" "Mozilla/5.0 (compatible; Googlebot/2.1; +http://www.google.com/bot.html)"
66.249.73.212 - - [25/Feb/2013:00:04:10 -0600] "GET /user_guide/license.html HTTP/1.1" 200 2768 "-" "Mozilla/5.0 (compatible; Googlebot/2.1; +http://www.google.com/bot.html)"
66.249.74.110 - - [25/Feb/2013:00:05:30 -0600] "GET /user_guide/changelog.html HTTP/1.1" 200 33195 "-" "Mozilla/5.0 (compatible; Googlebot/2.1; +http://www.google.com/bot.html)"
66.249.73.212 - - [25/Feb/2013:00:07:01 -0600] "GET /user_guide/general/cli.html HTTP/1.1" 200 2805 "-" "Mozilla/5.0 (compatible; Googlebot/2.1; +http://www.google.com/bot.html)"
66.249.73.212 - - [25/Feb/2013:00:30:10 -0600] "GET /user_guide/overview/mvc.html HTTP/1.1" 200 2253 "-" "Mozilla/5.0 (compatible; Googlebot/2.1; +http://www.google.com/bot.html)"
123.125.71.89 - - [25/Feb/2013:00:41:19 -0600] "GET / HTTP/1.1" 200 2138 "-" "Mozilla/5.0 (compatible; Baiduspider/2.0; +http://www.baidu.com/search/spider.html)"
220.181.108.173 - - [25/Feb/2013:00:42:19 -0600] "GET / HTTP/1.1" 200 2138 "-" "Mozilla/5.0 (compatible; Baiduspider/2.0; +http://www.baidu.com/search/spider.html)"
66.249.73.214 - - [25/Feb/2013:01:00:35 -0600] "GET /robots.txt HTTP/1.1" 404 501 "-" "Mozilla/5.0 (compatible; Googlebot/2.1; +http://www.google.com/bot.html)"
66.249.73.214 - - [25/Feb/2013:01:00:35 -0600] "GET /Apollo/html/ HTTP/1.1" 404 501 "-" "Mozilla/5.0 (compatible; Googlebot/2.1; +http://www.google.com/bot.html)"
66.249.73.212 - - [25/Feb/2013:01:29:14 -0600] "GET /user_guide/general/urls.html HTTP/1.1" 200 2948 "-" "Mozilla/5.0 (compatible; Googlebot/2.1; +http://www.google.com/bot.html)"
123.125.71.82 - - [25/Feb/2013:01:45:14 -0600] "GET / HTTP/1.1" 200 2138 "-" "Mozilla/5.0 (compatible; Baiduspider/2.0; +http://www.baidu.com/search/spider.html)"
220.181.108.166 - - [25/Feb/2013:01:45:55 -0600] "GET / HTTP/1.1" 200 2138 "-" "Mozilla/5.0 (compatible; Baiduspider/2.0; +http://www.baidu.com/search/spider.html)"
66.249.73.212 - - [25/Feb/2013:01:57:05 -0600] "GET /user_guide/general/views.html HTTP/1.1" 200 3850 "-" "Mozilla/5.0 (compatible; Googlebot/2.1; +http://www.google.com/bot.html)"
66.249.73.212 - - [25/Feb/2013:02:27:23 -0600] "GET /user_guide/general/hooks.html HTTP/1.1" 200 3416 "-" "Mozilla/5.0 (compatible; Googlebot/2.1; +http://www.google.com/bot.html)"
123.125.71.117 - - [25/Feb/2013:02:44:59 -0600] "GET / HTTP/1.1" 200 2138 "-" "Mozilla/5.0 (compatible; Baiduspider/2.0; +http://www.baidu.com/search/spider.html)"
220.181.108.156 - - [25/Feb/2013:02:46:03 -0600] "GET / HTTP/1.1" 200 2138 "-" "Mozilla/5.0 (compatible; Baiduspider/2.0; +http://www.baidu.com/search/spider.html)"
66.249.73.212 - - [25/Feb/2013:02:58:26 -0600] "GET /user_guide/libraries/ftp.html HTTP/1.1" 200 3812 "-" "Mozilla/5.0 (compatible; Googlebot/2.1; +http://www.google.com/bot.html)"
66.249.73.212 - - [25/Feb/2013:03:29:53 -0600] "GET /user_guide/libraries/uri.html HTTP/1.1" 200 3231 "-" "Mozilla/5.0 (compatible; Googlebot/2.1; +http://www.google.com/bot.html)"
123.125.71.74 - - [25/Feb/2013:03:47:34 -0600] "GET / HTTP/1.1" 200 2138 "-" "Mozilla/5.0 (compatible; Baiduspider/2.0; +http://www.baidu.com/search/spider.html)"
220.181.108.148 - - [25/Feb/2013:03:48:40 -0600] "GET / HTTP/1.1" 200 2138 "-" "Mozilla/5.0 (compatible; Baiduspider/2.0; +http://www.baidu.com/search/spider.html)"
66.249.73.212 - - [25/Feb/2013:03:51:46 -0600] "GET /user_guide/libraries/zip.html HTTP/1.1" 200 3487 "-" "Mozilla/5.0 (compatible; Googlebot/2.1; +http://www.google.com/bot.html)"
119.235.237.17 - - [25/Feb/2013:04:04:42 -0600] "GET /robots.txt HTTP/1.1" 404 490 "-" "Yeti/1.0 (NHN Corp.; http://help.naver.com/robots/)"
119.235.237.17 - - [25/Feb/2013:04:04:43 -0600] "GET / HTTP/1.1" 200 2138 "-" "Yeti/1.0 (NHN Corp.; http://help.naver.com/robots/)"
66.249.73.214 - - [25/Feb/2013:04:21:42 -0600] "GET /Apollo/templates/ HTTP/1.1" 404 506 "-" "Mozilla/5.0 (compatible; Googlebot/2.1; +http://www.google.com/bot.html)"
123.125.71.73 - - [25/Feb/2013:04:43:54 -0600] "GET / HTTP/1.1" 200 2138 "-" "Mozilla/5.0 (compatible; Baiduspider/2.0; +http://www.baidu.com/search/spider.html)"
220.181.108.180 - - [25/Feb/2013:04:44:58 -0600] "GET / HTTP/1.1" 200 2138 "-" "Mozilla/5.0 (compatible; Baiduspider/2.0; +http://www.baidu.com/search/spider.html)"
66.249.73.214 - - [25/Feb/2013:04:50:05 -0600] "GET /Apollo/php/ HTTP/1.1" 404 503 "-" "Mozilla/5.0 (compatible; Googlebot/2.1; +http://www.google.com/bot.html)"
66.249.73.214 - - [25/Feb/2013:05:18:10 -0600] "GET /Apollo/css/ HTTP/1.1" 404 503 "-" "Mozilla/5.0 (compatible; Googlebot/2.1; +http://www.google.com/bot.html)"
123.125.71.72 - - [25/Feb/2013:05:42:05 -0600] "GET / HTTP/1.1" 200 2138 "-" "Mozilla/5.0 (compatible; Baiduspider/2.0; +http://www.baidu.com/search/spider.html)"
220.181.108.186 - - [25/Feb/2013:05:43:05 -0600] "GET / HTTP/1.1" 200 2138 "-" "Mozilla/5.0 (compatible; Baiduspider/2.0; +http://www.baidu.com/search/spider.html)"
66.249.73.212 - - [25/Feb/2013:05:46:58 -0600] "GET /user_guide/general/errors.html HTTP/1.1" 200 2947 "-" "Mozilla/5.0 (compatible; Googlebot/2.1; +http://www.google.com/bot.html)"
66.249.73.212 - - [25/Feb/2013:06:16:42 -0600] "GET /user_guide/general/models.html HTTP/1.1" 200 3645 "-" "Mozilla/5.0 (compatible; Googlebot/2.1; +http://www.google.com/bot.html)"
66.249.73.212 - - [25/Feb/2013:06:32:02 -0600] "GET /user_guide/general/profiling.html HTTP/1.1" 200 2821 "-" "Mozilla/5.0 (compatible; Googlebot/2.1; +http://www.google.com/bot.html)"
123.125.71.106 - - [25/Feb/2013:06:39:42 -0600] "GET / HTTP/1.1" 200 2138 "-" "Mozilla/5.0 (compatible; Baiduspider/2.0; +http://www.baidu.com/search/spider.html)"
220.181.108.183 - - [25/Feb/2013:06:40:36 -0600] "GET / HTTP/1.1" 200 2138 "-" "Mozilla/5.0 (compatible; Baiduspider/2.0; +http://www.baidu.com/search/spider.html)"
66.249.73.212 - - [25/Feb/2013:06:48:27 -0600] "GET /user_guide/overview/goals.html HTTP/1.1" 200 2338 "-" "Mozilla/5.0 (compatible; Googlebot/2.1; +http://www.google.com/bot.html)"
66.249.73.212 - - [25/Feb/2013:06:52:01 -0600] "GET /user_guide/libraries/cart.html HTTP/1.1" 200 4905 "-" "Mozilla/5.0 (compatible; Googlebot/2.1; +http://www.google.com/bot.html)"
66.249.73.212 - - [25/Feb/2013:07:02:51 -0600] "GET /user_guide/database/index.html HTTP/1.1" 200 1946 "-" "Mozilla/5.0 (compatible; Googlebot/2.1; +http://www.google.com/bot.html)"
66.249.73.212 - - [25/Feb/2013:07:07:51 -0600] "GET /user_guide/tutorial/index.html HTTP/1.1" 200 2247 "-" "Mozilla/5.0 (compatible; Googlebot/2.1; +http://www.google.com/bot.html)"
66.249.73.212 - - [25/Feb/2013:07:12:52 -0600] "GET /user_guide/general/helpers.html HTTP/1.1" 200 3731 "-" "Mozilla/5.0 (compatible; Googlebot/2.1; +http://www.google.com/bot.html)"
66.249.73.212 - - [25/Feb/2013:07:18:42 -0600] "GET /user_guide/libraries/email.html HTTP/1.1" 200 4571 "-" "Mozilla/5.0 (compatible; Googlebot/2.1; +http://www.google.com/bot.html)"
66.249.73.212 - - [25/Feb/2013:07:22:16 -0600] "GET /user_guide/general/credits.html HTTP/1.1" 200 1907 "-" "Mozilla/5.0 (compatible; Googlebot/2.1; +http://www.google.com/bot.html)"
66.249.73.212 - - [25/Feb/2013:07:25:32 -0600] "GET /user_guide/libraries/table.html HTTP/1.1" 200 3934 "-" "Mozilla/5.0 (compatible; Googlebot/2.1; +http://www.google.com/bot.html)"
66.249.73.212 - - [25/Feb/2013:07:29:47 -0600] "GET /user_guide/general/caching.html HTTP/1.1" 200 2609 "-" "Mozilla/5.0 (compatible; Googlebot/2.1; +http://www.google.com/bot.html)"
66.249.73.212 - - [25/Feb/2013:07:34:30 -0600] "GET /user_guide/libraries/input.html HTTP/1.1" 200 4468 "-" "Mozilla/5.0 (compatible; Googlebot/2.1; +http://www.google.com/bot.html)"
66.249.73.212 - - [25/Feb/2013:07:38:19 -0600] "GET /user_guide/doc_style/index.html HTTP/1.1" 200 1832 "-" "Mozilla/5.0 (compatible; Googlebot/2.1; +http://www.google.com/bot.html)"
66.249.73.212 - - [25/Feb/2013:07:41:29 -0600] "GET /user_guide/general/routing.html HTTP/1.1" 200 3240 "-" "Mozilla/5.0 (compatible; Googlebot/2.1; +http://www.google.com/bot.html)"
123.125.71.77 - - [25/Feb/2013:07:42:20 -0600] "GET / HTTP/1.1" 200 2138 "-" "Mozilla/5.0 (compatible; Baiduspider/2.0; +http://www.baidu.com/search/spider.html)"
220.181.108.172 - - [25/Feb/2013:07:43:21 -0600] "GET / HTTP/1.1" 200 2138 "-" "Mozilla/5.0 (compatible; Baiduspider/2.0; +http://www.baidu.com/search/spider.html)"
66.249.73.212 - - [25/Feb/2013:07:45:38 -0600] "GET /user_guide/general/drivers.html HTTP/1.1" 200 2212 "-" "Mozilla/5.0 (compatible; Googlebot/2.1; +http://www.google.com/bot.html)"
66.249.73.212 - - [25/Feb/2013:07:51:35 -0600] "GET /user_guide/libraries/config.html HTTP/1.1" 200 3863 "-" "Mozilla/5.0 (compatible; Googlebot/2.1; +http://www.google.com/bot.html)"
66.249.73.212 - - [25/Feb/2013:07:54:22 -0600] "GET /user_guide/overview/appflow.html HTTP/1.1" 200 2040 "-" "Mozilla/5.0 (compatible; Googlebot/2.1; +http://www.google.com/bot.html)"
66.249.73.212 - - [25/Feb/2013:07:57:35 -0600] "GET /user_guide/libraries/output.html HTTP/1.1" 200 3327 "-" "Mozilla/5.0 (compatible; Googlebot/2.1; +http://www.google.com/bot.html)"
66.249.73.212 - - [25/Feb/2013:08:00:47 -0600] "GET /user_guide/libraries/parser.html HTTP/1.1" 200 3290 "-" "Mozilla/5.0 (compatible; Googlebot/2.1; +http://www.google.com/bot.html)"
66.249.73.212 - - [25/Feb/2013:08:04:34 -0600] "GET /user_guide/general/security.html HTTP/1.1" 200 2966 "-" "Mozilla/5.0 (compatible; Googlebot/2.1; +http://www.google.com/bot.html)"
66.249.73.212 - - [25/Feb/2013:08:07:34 -0600] "GET /user_guide/libraries/loader.html HTTP/1.1" 200 5037 "-" "Mozilla/5.0 (compatible; Googlebot/2.1; +http://www.google.com/bot.html)"
66.249.73.212 - - [25/Feb/2013:08:07:34 -0600] "GET /user_guide/libraries/xmlrpc.html HTTP/1.1" 200 7100 "-" "Mozilla/5.0 (compatible; Googlebot/2.1; +http://www.google.com/bot.html)"
100.43.83.134 - - [25/Feb/2013:08:10:17 -0600] "GET /robots.txt HTTP/1.1" 404 527 "-" "Mozilla/5.0 (compatible; YandexBot/3.0; +http://yandex.com/bots)"
100.43.83.134 - - [25/Feb/2013:08:10:18 -0600] "GET /robots.txt HTTP/1.1" 404 522 "-" "Mozilla/5.0 (compatible; YandexBot/3.0; +http://yandex.com/bots)"
100.43.83.134 - - [25/Feb/2013:08:10:20 -0600] "GET / HTTP/1.1" 200 1159 "-" "Mozilla/5.0 (compatible; YandexBot/3.0; MirrorDetector; +http://yandex.com/bots)"
100.43.83.134 - - [25/Feb/2013:08:10:20 -0600] "GET / HTTP/1.1" 200 1159 "-" "Mozilla/5.0 (compatible; YandexBot/3.0; MirrorDetector; +http://yandex.com/bots)"
100.43.83.134 - - [25/Feb/2013:08:10:25 -0600] "GET / HTTP/1.1" 200 1159 "-" "Mozilla/5.0 (compatible; YandexBot/3.0; MirrorDetector; +http://yandex.com/bots)"
100.43.83.134 - - [25/Feb/2013:08:10:26 -0600] "GET / HTTP/1.1" 200 1159 "-" "Mozilla/5.0 (compatible; YandexBot/3.0; MirrorDetector; +http://yandex.com/bots)"
66.249.73.212 - - [25/Feb/2013:08:11:25 -0600] "GET /user_guide/general/libraries.html HTTP/1.1" 200 2006 "-" "Mozilla/5.0 (compatible; Googlebot/2.1; +http://www.google.com/bot.html)"
66.249.73.212 - - [25/Feb/2013:08:16:24 -0600] "GET /user_guide/libraries/caching.html HTTP/1.1" 200 3156 "-" "Mozilla/5.0 (compatible; Googlebot/2.1; +http://www.google.com/bot.html)"
66.249.73.212 - - [25/Feb/2013:08:19:43 -0600] "GET /user_guide/overview/features.html HTTP/1.1" 200 2366 "-" "Mozilla/5.0 (compatible; Googlebot/2.1; +http://www.google.com/bot.html)"
66.249.73.212 - - [25/Feb/2013:08:23:21 -0600] "GET /user_guide/libraries/security.html HTTP/1.1" 200 2902 "-" "Mozilla/5.0 (compatible; Googlebot/2.1; +http://www.google.com/bot.html)"
66.249.73.212 - - [25/Feb/2013:08:28:21 -0600] "GET /user_guide/libraries/language.html HTTP/1.1" 200 2912 "-" "Mozilla/5.0 (compatible; Googlebot/2.1; +http://www.google.com/bot.html)"
66.249.73.212 - - [25/Feb/2013:08:32:34 -0600] "GET /user_guide/libraries/calendar.html HTTP/1.1" 200 3925 "-" "Mozilla/5.0 (compatible; Googlebot/2.1; +http://www.google.com/bot.html)"
66.249.73.212 - - [25/Feb/2013:08:35:09 -0600] "GET /user_guide/helpers/url_helper.html HTTP/1.1" 200 4478 "-" "Mozilla/5.0 (compatible; Googlebot/2.1; +http://www.google.com/bot.html)"
66.249.73.212 - - [25/Feb/2013:08:40:09 -0600] "GET /user_guide/helpers/xml_helper.html HTTP/1.1" 200 1865 "-" "Mozilla/5.0 (compatible; Googlebot/2.1; +http://www.google.com/bot.html)"
123.125.71.111 - - [25/Feb/2013:08:41:59 -0600] "GET / HTTP/1.1" 200 2138 "-" "Mozilla/5.0 (compatible; Baiduspider/2.0; +http://www.baidu.com/search/spider.html)"
220.181.108.173 - - [25/Feb/2013:08:42:59 -0600] "GET / HTTP/1.1" 200 2138 "-" "Mozilla/5.0 (compatible; Baiduspider/2.0; +http://www.baidu.com/search/spider.html)"
66.249.73.212 - - [25/Feb/2013:08:45:10 -0600] "GET /user_guide/installation/index.html HTTP/1.1" 200 2493 "-" "Mozilla/5.0 (compatible; Googlebot/2.1; +http://www.google.com/bot.html)"
66.249.73.212 - - [25/Feb/2013:08:46:53 -0600] "GET /user_guide/helpers/file_helper.html HTTP/1.1" 200 3261 "-" "Mozilla/5.0 (compatible; Googlebot/2.1; +http://www.google.com/bot.html)"
66.249.73.212 - - [25/Feb/2013:08:46:53 -0600] "GET /user_guide/general/styleguide.html HTTP/1.1" 200 9045 "-" "Mozilla/5.0 (compatible; Googlebot/2.1; +http://www.google.com/bot.html)"
66.249.73.212 - - [25/Feb/2013:08:46:54 -0600] "GET /user_guide/libraries/sessions.html HTTP/1.1" 200 5993 "-" "Mozilla/5.0 (compatible; Googlebot/2.1; +http://www.google.com/bot.html)"
66.249.73.212 - - [25/Feb/2013:08:46:54 -0600] "GET /user_guide/general/autoloader.html HTTP/1.1" 200 2041 "-" "Mozilla/5.0 (compatible; Googlebot/2.1; +http://www.google.com/bot.html)"
66.249.73.212 - - [25/Feb/2013:08:59:55 -0600] "GET /user_guide/libraries/migration.html HTTP/1.1" 200 2879 "-" "Mozilla/5.0 (compatible; Googlebot/2.1; +http://www.google.com/bot.html)"
66.249.73.212 - - [25/Feb/2013:08:59:55 -0600] "GET /user_guide/general/controllers.html HTTP/1.1" 200 5225 "-" "Mozilla/5.0 (compatible; Googlebot/2.1; +http://www.google.com/bot.html)"
66.249.73.212 - - [25/Feb/2013:09:11:15 -0600] "GET /user_guide/helpers/form_helper.html HTTP/1.1" 200 5449 "-" "Mozilla/5.0 (compatible; Googlebot/2.1; +http://www.google.com/bot.html)"
66.249.73.212 - - [25/Feb/2013:09:11:17 -0600] "GET /user_guide/helpers/html_helper.html HTTP/1.1" 200 4431 "-" "Mozilla/5.0 (compatible; Googlebot/2.1; +http://www.google.com/bot.html)"
66.249.73.212 - - [25/Feb/2013:09:11:18 -0600] "GET /user_guide/libraries/trackback.html HTTP/1.1" 200 4130 "-" "Mozilla/5.0 (compatible; Googlebot/2.1; +http://www.google.com/bot.html)"
66.249.73.212 - - [25/Feb/2013:09:11:19 -0600] "GET /user_guide/tutorial/conclusion.html HTTP/1.1" 200 2117 "-" "Mozilla/5.0 (compatible; Googlebot/2.1; +http://www.google.com/bot.html)"
66.249.73.212 - - [25/Feb/2013:09:18:51 -0600] "GET /user_guide/libraries/benchmark.html HTTP/1.1" 200 3118 "-" "Mozilla/5.0 (compatible; Googlebot/2.1; +http://www.google.com/bot.html)"
66.249.73.212 - - [25/Feb/2013:09:23:51 -0600] "GET /user_guide/helpers/text_helper.html HTTP/1.1" 200 3340 "-" "Mozilla/5.0 (compatible; Googlebot/2.1; +http://www.google.com/bot.html)"
66.249.73.212 - - [25/Feb/2013:09:28:51 -0600] "GET /user_guide/helpers/path_helper.html HTTP/1.1" 200 1984 "-" "Mozilla/5.0 (compatible; Googlebot/2.1; +http://www.google.com/bot.html)"
66.249.73.212 - - [25/Feb/2013:09:29:14 -0600] "GET /user_guide/libraries/image_lib.html HTTP/1.1" 200 6972 "-" "Mozilla/5.0 (compatible; Googlebot/2.1; +http://www.google.com/bot.html)"
66.249.73.212 - - [25/Feb/2013:09:29:14 -0600] "GET /user_guide/helpers/date_helper.html HTTP/1.1" 200 5025 "-" "Mozilla/5.0 (compatible; Googlebot/2.1; +http://www.google.com/bot.html)"
66.252.65.146 - - [25/Feb/2013:09:38:06 -0600] "GET / HTTP/1.1" 200 1159 "-" "Mozilla/5.0 (Windows NT 6.1; WOW64) AppleWebKit/537.22 (KHTML, like Gecko) Chrome/25.0.1364.97 Safari/537.22"
66.252.65.146 - - [25/Feb/2013:09:38:06 -0600] "GET /favicon.ico HTTP/1.1" 404 503 "-" "Mozilla/5.0 (Windows NT 6.1; WOW64) AppleWebKit/537.22 (KHTML, like Gecko) Chrome/25.0.1364.97 Safari/537.22"
66.252.65.146 - - [25/Feb/2013:09:39:58 -0600] "GET /flowplayer5 HTTP/1.1" 301 569 "-" "Mozilla/5.0 (Windows NT 6.1; WOW64) AppleWebKit/537.22 (KHTML, like Gecko) Chrome/25.0.1364.97 Safari/537.22"
66.252.65.146 - - [25/Feb/2013:09:39:58 -0600] "GET /flowplayer5/ HTTP/1.1" 200 922 "-" "Mozilla/5.0 (Windows NT 6.1; WOW64) AppleWebKit/537.22 (KHTML, like Gecko) Chrome/25.0.1364.97 Safari/537.22"
66.252.65.146 - - [25/Feb/2013:09:39:59 -0600] "GET /flowplayer5/skin/minimalist.css HTTP/1.1" 200 3470 "http://50.116.63.142/flowplayer5/" "Mozilla/5.0 (Windows NT 6.1; WOW64) AppleWebKit/537.22 (KHTML, like Gecko) Chrome/25.0.1364.97 Safari/537.22"
66.252.65.146 - - [25/Feb/2013:09:39:59 -0600] "GET /flowplayer5/flowplayer.min.js HTTP/1.1" 200 11226 "http://50.116.63.142/flowplayer5/" "Mozilla/5.0 (Windows NT 6.1; WOW64) AppleWebKit/537.22 (KHTML, like Gecko) Chrome/25.0.1364.97 Safari/537.22"
66.252.65.146 - - [25/Feb/2013:09:40:00 -0600] "GET /flowplayer5/skin/img/white.png HTTP/1.1" 200 848 "http://50.116.63.142/flowplayer5/" "Mozilla/5.0 (Windows NT 6.1; WOW64) AppleWebKit/537.22 (KHTML, like Gecko) Chrome/25.0.1364.97 Safari/537.22"
66.252.65.146 - - [25/Feb/2013:09:40:01 -0600] "GET /favicon.ico HTTP/1.1" 404 503 "-" "Mozilla/5.0 (Windows NT 6.1; WOW64) AppleWebKit/537.22 (KHTML, like Gecko) Chrome/25.0.1364.97 Safari/537.22"
66.252.65.146 - - [25/Feb/2013:09:40:04 -0600] "GET /flowplayer5/skin/img/play_white.png HTTP/1.1" 200 1076 "http://50.116.63.142/flowplayer5/" "Mozilla/5.0 (Windows NT 6.1; WOW64) AppleWebKit/537.22 (KHTML, like Gecko) Chrome/25.0.1364.97 Safari/537.22"
66.252.65.146 - - [25/Feb/2013:09:40:27 -0600] "GET /flowplayer5/ HTTP/1.1" 200 923 "-" "Mozilla/5.0 (Windows NT 6.1; WOW64) AppleWebKit/537.22 (KHTML, like Gecko) Chrome/25.0.1364.97 Safari/537.22"
66.252.65.146 - - [25/Feb/2013:09:40:28 -0600] "GET /flowplayer5/flowplayer.min.js HTTP/1.1" 304 211 "http://50.116.63.142/flowplayer5/" "Mozilla/5.0 (Windows NT 6.1; WOW64) AppleWebKit/537.22 (KHTML, like Gecko) Chrome/25.0.1364.97 Safari/537.22"
66.252.65.146 - - [25/Feb/2013:09:40:28 -0600] "GET /flowplayer5/skin/minimalist.css HTTP/1.1" 304 210 "http://50.116.63.142/flowplayer5/" "Mozilla/5.0 (Windows NT 6.1; WOW64) AppleWebKit/537.22 (KHTML, like Gecko) Chrome/25.0.1364.97 Safari/537.22"
66.252.65.146 - - [25/Feb/2013:09:40:28 -0600] "GET /flowplayer5/skin/img/white.png HTTP/1.1" 304 186 "http://50.116.63.142/flowplayer5/" "Mozilla/5.0 (Windows NT 6.1; WOW64) AppleWebKit/537.22 (KHTML, like Gecko) Chrome/25.0.1364.97 Safari/537.22"
66.252.65.146 - - [25/Feb/2013:09:40:28 -0600] "GET /favicon.ico HTTP/1.1" 404 503 "-" "Mozilla/5.0 (Windows NT 6.1; WOW64) AppleWebKit/537.22 (KHTML, like Gecko) Chrome/25.0.1364.97 Safari/537.22"
66.252.65.146 - - [25/Feb/2013:09:40:29 -0600] "GET /flowplayer5/skin/img/play_white.png HTTP/1.1" 304 186 "http://50.116.63.142/flowplayer5/" "Mozilla/5.0 (Windows NT 6.1; WOW64) AppleWebKit/537.22 (KHTML, like Gecko) Chrome/25.0.1364.97 Safari/537.22"
::1 - - [25/Feb/2013:09:40:40 -0600] "OPTIONS * HTTP/1.0" 200 126 "-" "Apache/2.2.22 (Ubuntu) (internal dummy connection)"
::1 - - [25/Feb/2013:09:40:41 -0600] "OPTIONS * HTTP/1.0" 200 126 "-" "Apache/2.2.22 (Ubuntu) (internal dummy connection)"
66.252.65.146 - - [25/Feb/2013:09:40:42 -0600] "GET /flowplayer5/home.php HTTP/1.1" 404 511 "-" "Mozilla/5.0 (Windows NT 6.1; WOW64) AppleWebKit/537.22 (KHTML, like Gecko) Chrome/25.0.1364.97 Safari/537.22"
66.252.65.146 - - [25/Feb/2013:09:40:43 -0600] "GET /favicon.ico HTTP/1.1" 404 503 "-" "Mozilla/5.0 (Windows NT 6.1; WOW64) AppleWebKit/537.22 (KHTML, like Gecko) Chrome/25.0.1364.97 Safari/537.22"
66.252.65.146 - - [25/Feb/2013:09:41:00 -0600] "GET /flowplayer5/hotm.html HTTP/1.1" 404 511 "-" "Mozilla/5.0 (Windows NT 6.1; WOW64; rv:19.0) Gecko/20100101 Firefox/19.0"
66.252.65.146 - - [25/Feb/2013:09:41:00 -0600] "GET /favicon.ico HTTP/1.1" 404 503 "-" "Mozilla/5.0 (Windows NT 6.1; WOW64; rv:19.0) Gecko/20100101 Firefox/19.0"
::1 - - [25/Feb/2013:09:41:00 -0600] "OPTIONS * HTTP/1.0" 200 126 "-" "Apache/2.2.22 (Ubuntu) (internal dummy connection)"
::1 - - [25/Feb/2013:09:41:05 -0600] "OPTIONS * HTTP/1.0" 200 126 "-" "Apache/2.2.22 (Ubuntu) (internal dummy connection)"
66.252.65.146 - - [25/Feb/2013:09:41:06 -0600] "GET /flowplayer5/home.html HTTP/1.1" 200 1135 "-" "Mozilla/5.0 (Windows NT 6.1; WOW64; rv:19.0) Gecko/20100101 Firefox/19.0"
66.252.65.146 - - [25/Feb/2013:09:41:06 -0600] "GET /flowplayer5/skin/minimalist.css HTTP/1.1" 200 3470 "http://50.116.63.142/flowplayer5/home.html" "Mozilla/5.0 (Windows NT 6.1; WOW64; rv:19.0) Gecko/20100101 Firefox/19.0"
66.252.65.146 - - [25/Feb/2013:09:41:06 -0600] "GET /flowplayer5/flowplayer.min.js HTTP/1.1" 200 11226 "http://50.116.63.142/flowplayer5/home.html" "Mozilla/5.0 (Windows NT 6.1; WOW64; rv:19.0) Gecko/20100101 Firefox/19.0"
66.252.65.146 - - [25/Feb/2013:09:41:06 -0600] "GET /flowplayer5/jquery-1.7.2.min.js HTTP/1.1" 200 33976 "http://50.116.63.142/flowplayer5/home.html" "Mozilla/5.0 (Windows NT 6.1; WOW64; rv:19.0) Gecko/20100101 Firefox/19.0"
66.252.65.146 - - [25/Feb/2013:09:41:07 -0600] "GET /flowplayer5/skin/img/white.png HTTP/1.1" 200 848 "http://50.116.63.142/flowplayer5/skin/minimalist.css" "Mozilla/5.0 (Windows NT 6.1; WOW64; rv:19.0) Gecko/20100101 Firefox/19.0"
::1 - - [25/Feb/2013:09:41:12 -0600] "OPTIONS * HTTP/1.0" 200 126 "-" "Apache/2.2.22 (Ubuntu) (internal dummy connection)"
66.252.65.146 - - [25/Feb/2013:09:41:16 -0600] "GET /flowplayer5/skin/img/play_white.png HTTP/1.1" 200 1077 "http://50.116.63.142/flowplayer5/skin/minimalist.css" "Mozilla/5.0 (Windows NT 6.1; WOW64; rv:19.0) Gecko/20100101 Firefox/19.0"
66.249.73.212 - - [25/Feb/2013:09:41:19 -0600] "GET /user_guide/helpers/email_helper.html HTTP/1.1" 200 2017 "-" "Mozilla/5.0 (compatible; Googlebot/2.1; +http://www.google.com/bot.html)"
66.249.73.212 - - [25/Feb/2013:09:41:20 -0600] "GET /user_guide/libraries/javascript.html HTTP/1.1" 200 4545 "-" "Mozilla/5.0 (compatible; Googlebot/2.1; +http://www.google.com/bot.html)"
66.249.73.212 - - [25/Feb/2013:09:41:20 -0600] "GET /user_guide/libraries/pagination.html HTTP/1.1" 200 3764 "-" "Mozilla/5.0 (compatible; Googlebot/2.1; +http://www.google.com/bot.html)"
66.252.65.146 - - [25/Feb/2013:09:41:56 -0600] "GET /flowplayer5/home.html HTTP/1.1" 200 1135 "-" "Mozilla/5.0 (Windows NT 6.1; WOW64; rv:19.0) Gecko/20100101 Firefox/19.0"
66.252.65.146 - - [25/Feb/2013:09:41:57 -0600] "GET /flowplayer5/skin/minimalist.css HTTP/1.1" 200 3470 "http://50.116.63.142/flowplayer5/home.html" "Mozilla/5.0 (Windows NT 6.1; WOW64; rv:19.0) Gecko/20100101 Firefox/19.0"
66.252.65.146 - - [25/Feb/2013:09:41:57 -0600] "GET /flowplayer5/flowplayer.min.js HTTP/1.1" 200 11226 "http://50.116.63.142/flowplayer5/home.html" "Mozilla/5.0 (Windows NT 6.1; WOW64; rv:19.0) Gecko/20100101 Firefox/19.0"
66.252.65.146 - - [25/Feb/2013:09:41:57 -0600] "GET /flowplayer5/jquery-1.7.2.min.js HTTP/1.1" 200 33976 "http://50.116.63.142/flowplayer5/home.html" "Mozilla/5.0 (Windows NT 6.1; WOW64; rv:19.0) Gecko/20100101 Firefox/19.0"
66.252.65.146 - - [25/Feb/2013:09:41:58 -0600] "GET /flowplayer5/skin/img/white.png HTTP/1.1" 200 849 "http://50.116.63.142/flowplayer5/skin/minimalist.css" "Mozilla/5.0 (Windows NT 6.1; WOW64; rv:19.0) Gecko/20100101 Firefox/19.0"
66.252.65.146 - - [25/Feb/2013:09:41:58 -0600] "GET /flowplayer5/skin/img/play_white.png HTTP/1.1" 200 1077 "http://50.116.63.142/flowplayer5/skin/minimalist.css" "Mozilla/5.0 (Windows NT 6.1; WOW64; rv:19.0) Gecko/20100101 Firefox/19.0"
::1 - - [25/Feb/2013:09:42:03 -0600] "OPTIONS * HTTP/1.0" 200 126 "-" "Apache/2.2.22 (Ubuntu) (internal dummy connection)"
::1 - - [25/Feb/2013:09:42:04 -0600] "OPTIONS * HTTP/1.0" 200 126 "-" "Apache/2.2.22 (Ubuntu) (internal dummy connection)"
::1 - - [25/Feb/2013:09:42:05 -0600] "OPTIONS * HTTP/1.0" 200 126 "-" "Apache/2.2.22 (Ubuntu) (internal dummy connection)"
123.125.71.77 - - [25/Feb/2013:09:42:07 -0600] "GET / HTTP/1.1" 200 2138 "-" "Mozilla/5.0 (compatible; Baiduspider/2.0; +http://www.baidu.com/search/spider.html)"
220.181.108.172 - - [25/Feb/2013:09:43:08 -0600] "GET / HTTP/1.1" 200 2138 "-" "Mozilla/5.0 (compatible; Baiduspider/2.0; +http://www.baidu.com/search/spider.html)"
66.252.65.146 - - [25/Feb/2013:09:43:44 -0600] "GET /flowplayer5/home.html HTTP/1.1" 200 1135 "-" "Mozilla/5.0 (compatible; MSIE 9.0; Windows NT 6.1; WOW64; Trident/5.0)"
66.252.65.146 - - [25/Feb/2013:09:43:44 -0600] "GET /flowplayer5/skin/minimalist.css HTTP/1.1" 200 3471 "http://50.116.63.142/flowplayer5/home.html" "Mozilla/5.0 (compatible; MSIE 9.0; Windows NT 6.1; WOW64; Trident/5.0)"
66.252.65.146 - - [25/Feb/2013:09:43:44 -0600] "GET /flowplayer5/jquery-1.7.2.min.js HTTP/1.1" 200 33976 "http://50.116.63.142/flowplayer5/home.html" "Mozilla/5.0 (compatible; MSIE 9.0; Windows NT 6.1; WOW64; Trident/5.0)"
66.252.65.146 - - [25/Feb/2013:09:43:44 -0600] "GET /flowplayer5/flowplayer.min.js HTTP/1.1" 200 11226 "http://50.116.63.142/flowplayer5/home.html" "Mozilla/5.0 (compatible; MSIE 9.0; Windows NT 6.1; WOW64; Trident/5.0)"
66.252.65.146 - - [25/Feb/2013:09:43:47 -0600] "GET /favicon.ico HTTP/1.1" 404 503 "-" "Mozilla/5.0 (compatible; MSIE 9.0; Windows NT 6.1; WOW64; Trident/5.0)"
66.252.65.146 - - [25/Feb/2013:09:43:47 -0600] "GET /flowplayer5/skin/img/white.png HTTP/1.1" 200 848 "http://50.116.63.142/flowplayer5/home.html" "Mozilla/5.0 (compatible; MSIE 9.0; Windows NT 6.1; WOW64; Trident/5.0)"
66.252.65.146 - - [25/Feb/2013:09:43:50 -0600] "GET /flowplayer5/skin/img/play_white.png HTTP/1.1" 200 1076 "http://50.116.63.142/flowplayer5/home.html" "Mozilla/5.0 (compatible; MSIE 9.0; Windows NT 6.1; WOW64; Trident/5.0)"
66.249.73.212 - - [25/Feb/2013:09:52:22 -0600] "GET /user_guide/helpers/array_helper.html HTTP/1.1" 200 2673 "-" "Mozilla/5.0 (compatible; Googlebot/2.1; +http://www.google.com/bot.html)"
66.249.73.212 - - [25/Feb/2013:09:52:23 -0600] "GET /user_guide/libraries/encryption.html HTTP/1.1" 200 4269 "-" "Mozilla/5.0 (compatible; Googlebot/2.1; +http://www.google.com/bot.html)"
66.249.73.212 - - [25/Feb/2013:09:52:24 -0600] "GET /user_guide/overview/at_a_glance.html HTTP/1.1" 200 3393 "-" "Mozilla/5.0 (compatible; Googlebot/2.1; +http://www.google.com/bot.html)"
66.249.73.212 - - [25/Feb/2013:10:00:26 -0600] "GET /user_guide/overview/cheatsheets.html HTTP/1.1" 200 1678 "-" "Mozilla/5.0 (compatible; Googlebot/2.1; +http://www.google.com/bot.html)"
66.249.73.212 - - [25/Feb/2013:10:00:26 -0600] "GET /user_guide/general/requirements.html HTTP/1.1" 200 1702 "-" "Mozilla/5.0 (compatible; Googlebot/2.1; +http://www.google.com/bot.html)"
66.249.73.212 - - [25/Feb/2013:10:05:27 -0600] "GET /user_guide/general/core_classes.html HTTP/1.1" 200 2969 "-" "Mozilla/5.0 (compatible; Googlebot/2.1; +http://www.google.com/bot.html)"
66.249.73.212 - - [25/Feb/2013:10:12:28 -0600] "GET /user_guide/general/environments.html HTTP/1.1" 200 2386 "-" "Mozilla/5.0 (compatible; Googlebot/2.1; +http://www.google.com/bot.html)"
66.249.73.212 - - [25/Feb/2013:10:12:29 -0600] "GET /user_guide/libraries/typography.html HTTP/1.1" 200 2835 "-" "Mozilla/5.0 (compatible; Googlebot/2.1; +http://www.google.com/bot.html)"
66.249.73.212 - - [25/Feb/2013:10:12:49 -0600] "GET /user_guide/libraries/user_agent.html HTTP/1.1" 200 3074 "-" "Mozilla/5.0 (compatible; Googlebot/2.1; +http://www.google.com/bot.html)"
66.249.73.212 - - [25/Feb/2013:10:17:49 -0600] "GET /user_guide/tutorial/static_pages.html HTTP/1.1" 200 4173 "-" "Mozilla/5.0 (compatible; Googlebot/2.1; +http://www.google.com/bot.html)"
66.249.73.212 - - [25/Feb/2013:10:25:29 -0600] "GET /user_guide/general/managing_apps.html HTTP/1.1" 200 2423 "-" "Mozilla/5.0 (compatible; Googlebot/2.1; +http://www.google.com/bot.html)"
66.249.73.212 - - [25/Feb/2013:10:25:29 -0600] "GET /user_guide/tutorial/news_section.html HTTP/1.1" 200 4236 "-" "Mozilla/5.0 (compatible; Googlebot/2.1; +http://www.google.com/bot.html)"
66.249.73.212 - - [25/Feb/2013:10:27:58 -0600] "GET /user_guide/helpers/cookie_helper.html HTTP/1.1" 200 2033 "-" "Mozilla/5.0 (compatible; Googlebot/2.1; +http://www.google.com/bot.html)"
